WARNING: qemu-system-x86_64 looks like a hardware emulator (VMM). Hermit's host-time virtualization exposes mutually inconsistent clock sources (a synthetic RDTSC versus a virtualized clock_gettime) to the emulated guest, which can corrupt its clock calibration (for example "Unable to calibrate against PIT", TSC marked unstable, or "No current clocksource") and stall boot. If the nested guest misbehaves, either disable Hermit's virtual clock with --no-virtualize-time --no-virtualize-metadata, or make the emulator use a single instruction-derived clock (for QEMU: -icount shift=0,sleep=off). See docs/QEMU_BOOT.md.
qemu-system-x86_64: warning: Machine type 'pc-i440fx-rhel7.6.0' is deprecated: machines from the previous RHEL major release are subject to deletion in the next RHEL major release
qemu-system-x86_64: warning: CPU model qemu64-x86_64-cpu is deprecated -- use at least 'Nehalem' / 'Opteron_G4', or 'host' / 'max'
[    0.000000] Linux version 6.17.13-0_fbk0_crackerjackhost_0_g2b4321c50d79 (root@8799-0fd3-0004-0000.twshared50661.04.nha2.tw.fbinfra.net) (clang version 19.1.7 (CentOS 19.1.7-1.el9), LLD 19.1.7) #1 SMP Thu Dec 18 12:27:13 PST 2025
[    0.000000] Command line: console=ttyS0 panic=-1 rdinit=/init
[    0.000000] KERNEL supported cpus:
[    0.000000]   Intel GenuineIntel
[    0.000000]   AMD AuthenticAMD
[    0.000000] BIOS-provided physical RAM map:
[    0.000000] BIOS-e820: [mem 0x0000000000000000-0x000000000009fbff] usable
[    0.000000] BIOS-e820: [mem 0x000000000009fc00-0x000000000009ffff] reserved
[    0.000000] BIOS-e820: [mem 0x00000000000f0000-0x00000000000fffff] reserved
[    0.000000] BIOS-e820: [mem 0x0000000000100000-0x000000000ffdffff] usable
[    0.000000] BIOS-e820: [mem 0x000000000ffe0000-0x000000000fffffff] reserved
[    0.000000] BIOS-e820: [mem 0x00000000fffc0000-0x00000000ffffffff] reserved
[    0.000000] NX (Execute Disable) protection: active
[    0.000000] APIC: Static calls initialized
[    0.000000] SMBIOS 2.8 present.
[    0.000000] DMI: Red Hat KVM, BIOS 1.16.3-5.el9 11/05/2023
[    0.000000] DMI: Memory slots populated: 1/1
[    0.000000] tsc: Fast TSC calibration using PIT
[    0.000000] tsc: Detected 1000.012 MHz processor
[    0.001480] last_pfn = 0xffe0 max_arch_pfn = 0x400000000
[    0.001485] MTRR map: 4 entries (3 fixed + 1 variable; max 19), built from 8 variable MTRRs
[    0.001491] x86/PAT: Configuration [0-7]: WB  WC  UC- UC  WB  WP  UC- WT  
[    0.002634] RAMDISK: [mem 0x0ff24000-0x0ffdffff]
[    0.002638] ACPI: Early table checksum verification disabled
[    0.002642] ACPI: RSDP 0x00000000000F5290 000014 (v00 BOCHS )
[    0.002650] ACPI: RSDT 0x000000000FFE2283 000030 (v01 BOCHS  BXPC     00000001 BXPC 00000001)
[    0.002661] ACPI: FACP 0x000000000FFE216F 000074 (v01 BOCHS  BXPC     00000001 BXPC 00000001)
[    0.002674] ACPI: DSDT 0x000000000FFE0040 00212F (v01 BOCHS  BXPC     00000001 BXPC 00000001)
[    0.002685] ACPI: FACS 0x000000000FFE0000 000040
[    0.002693] ACPI: APIC 0x000000000FFE21E3 000078 (v03 BOCHS  BXPC     00000001 BXPC 00000001)
[    0.002704] ACPI: WAET 0x000000000FFE225B 000028 (v01 BOCHS  BXPC     00000001 BXPC 00000001)
[    0.002715] ACPI: Reserving FACP table memory at [mem 0xffe216f-0xffe21e2]
[    0.002719] ACPI: Reserving DSDT table memory at [mem 0xffe0040-0xffe216e]
[    0.002723] ACPI: Reserving FACS table memory at [mem 0xffe0000-0xffe003f]
[    0.002728] ACPI: Reserving APIC table memory at [mem 0xffe21e3-0xffe225a]
[    0.002732] ACPI: Reserving WAET table memory at [mem 0xffe225b-0xffe2282]
[    0.002770] No NUMA configuration found
[    0.002772] Faking a node at [mem 0x0000000000000000-0x000000000ffdffff]
[    0.002778] NODE_DATA(0) allocated [mem 0x0ff21500-0x0ff23fff]
[    0.002822] Zone ranges:
[    0.002823]   DMA      [mem 0x0000000000001000-0x0000000000ffffff]
[    0.002829]   DMA32    [mem 0x0000000001000000-0x000000000ffdffff]
[    0.002834]   Normal   empty
[    0.002837]   Device   empty
[    0.002840] Movable zone start for each node
[    0.002842] Early memory node ranges
[    0.002843]   node   0: [mem 0x0000000000001000-0x000000000009efff]
[    0.002848]   node   0: [mem 0x0000000000100000-0x000000000ffdffff]
[    0.002852] Initmem setup node 0 [mem 0x0000000000001000-0x000000000ffdffff]
[    0.002865] On node 0, zone DMA: 1 pages in unavailable ranges
[    0.003000] On node 0, zone DMA: 97 pages in unavailable ranges
[    0.005044] On node 0, zone DMA32: 32 pages in unavailable ranges
[    0.005052] ACPI: PM-Timer IO Port: 0x608
[    0.005062] ACPI: LAPIC_NMI (acpi_id[0xff] dfl dfl lint[0x1])
[    0.005068] IOAPIC[0]: apic_id 0, version 32, address 0xfec00000, GSI 0-23
[    0.005075] ACPI: INT_SRC_OVR (bus 0 bus_irq 0 global_irq 2 dfl dfl)
[    0.005080] ACPI: INT_SRC_OVR (bus 0 bus_irq 5 global_irq 5 high level)
[    0.005085] ACPI: INT_SRC_OVR (bus 0 bus_irq 9 global_irq 9 high level)
[    0.005090] ACPI: INT_SRC_OVR (bus 0 bus_irq 10 global_irq 10 high level)
[    0.005095] ACPI: INT_SRC_OVR (bus 0 bus_irq 11 global_irq 11 high level)
[    0.005106] ACPI: Using ACPI (MADT) for SMP configuration information
[    0.005140] CPU topo: Max. logical packages:   1
[    0.005143] CPU topo: Max. logical dies:       1
[    0.005145] CPU topo: Max. dies per package:   1
[    0.005179] CPU topo: Max. threads per core:   1
[    0.005182] CPU topo: Num. cores per package:     1
[    0.005185] CPU topo: Num. threads per package:   1
[    0.005187] CPU topo: Allowing 1 present CPUs plus 0 hotplug CPUs
[    0.005207] [mem 0x10000000-0xfffbffff] available for PCI devices
[    0.005211] Booting paravirtualized kernel on bare hardware
[    0.005213] clocksource: refined-jiffies: mask: 0xffffffff max_cycles: 0xffffffff, max_idle_ns: 1910969940391419 ns
[    0.033639] Load bootconfig: 23 bytes 3 nodes
[    0.033655] setup_percpu: NR_CPUS:512 nr_cpumask_bits:1 nr_cpu_ids:1 nr_node_ids:1
[    0.034141] percpu: Embedded 79 pages/cpu s286720 r8192 d28672 u2097152
[    0.034214] Kernel command line: csdlock_debug=1 console=ttyS0 panic=-1 rdinit=/init
[    0.034277] printk: log buffer data + meta data: 2097152 + 7340032 = 9437184 bytes
[    0.034332] Dentry cache hash table entries: 32768 (order: 6, 262144 bytes, linear)
[    0.034365] Inode-cache hash table entries: 16384 (order: 5, 131072 bytes, linear)
[    0.034394] Fallback order for Node 0: 0 
[    0.034399] Built 1 zonelists, mobility grouping on.  Total pages: 65406
[    0.034403] Policy zone: DMA32
[    0.034827] mem auto-init: stack:off, heap alloc:off, heap free:off
[    0.036137] SLUB: HWalign=64, Order=0-3, MinObjects=0, CPUs=1, Nodes=1
[    0.038595] ftrace: allocating 58796 entries in 232 pages
[    0.038598] ftrace: allocated 232 pages with 4 groups
[    0.038729] rcu: Hierarchical RCU implementation.
[    0.038731] rcu: 	RCU restricting CPUs from NR_CPUS=512 to nr_cpu_ids=1.
[    0.038734] 	Rude variant of Tasks RCU enabled.
[    0.038736] 	Tracing variant of Tasks RCU enabled.
[    0.038738] rcu: RCU calculated value of scheduler-enlistment delay is 100 jiffies.
[    0.038741] rcu: Adjusting geometry for rcu_fanout_leaf=16, nr_cpu_ids=1
[    0.038750] RCU Tasks Rude: Setting shift to 0 and lim to 1 rcu_task_cb_adjust=1 rcu_task_cpu_ids=1.
[    0.038756] RCU Tasks Trace: Setting shift to 0 and lim to 1 rcu_task_cb_adjust=1 rcu_task_cpu_ids=1.
[    0.067255] NR_IRQS: 33024, nr_irqs: 256, preallocated irqs: 16
[    0.067510] rcu: srcu_init: Setting srcu_struct sizes based on contention.
[    0.067678] kfence: initialized - using 2097152 bytes for 255 objects at 0x(____ptrval____)-0x(____ptrval____)
[    0.067751] Console: colour *CGA 80x25
[    0.067760] printk: legacy console [ttyS0] enabled
[    0.068670] ACPI: Core revision 20250404
[    0.068726] APIC: Switch to symmetric I/O mode setup
[    0.068941] ..TIMER: vector=0x30 apic1=0 pin1=2 apic2=-1 pin2=-1
[    0.073727] clocksource: tsc-early: mask: 0xffffffffffffffff max_cycles: 0xe6a2269eac, max_idle_ns: 440795236700 ns
[    0.073751] Calibrating delay loop (skipped), value calculated using timer frequency.. 2000.02 BogoMIPS (lpj=1000012)
[    0.073786] Last level iTLB entries: 4KB 0, 2MB 0, 4MB 0
[    0.073799] Last level dTLB entries: 4KB 0, 2MB 0, 4MB 0, 1GB 0
[    0.073816] mitigations: Enabled attack vectors: user_kernel, user_user, guest_host, guest_guest, SMT mitigations: auto
[    0.073847] Speculative Store Bypass: Vulnerable
[    0.073858] Spectre V2 : Mitigation: Retpolines
[    0.073868] Spectre V1 : Mitigation: usercopy/swapgs barriers and __user pointer sanitization
[    0.073884] Spectre V2 : Spectre v2 / SpectreRSB: Filling RSB on context switch and VMEXIT
[    0.073902] x86/fpu: x87 FPU will use FXSAVE
[    0.130712] Freeing SMP alternatives memory: 60K
[    0.130727] pid_max: default: 32768 minimum: 301
[    0.130779] LSM: initializing lsm=capability,bpf,ima
[    0.131163] LSM support for eBPF active
[    0.131229] Mount-cache hash table entries: 512 (order: 0, 4096 bytes, linear)
[    0.131247] Mountpoint-cache hash table entries: 512 (order: 0, 4096 bytes, linear)
[    0.233706] smpboot: CPU0: AMD QEMU Virtual CPU version 2.5+ (family: 0x6, model: 0x6, stepping: 0x3)
[    0.233748] Performance Events: PMU not available due to virtualization, using software events only.
[    0.233748] signal: max sigframe size: 1440
[    0.233748] rcu: Hierarchical SRCU implementation.
[    0.233748] rcu: 	Max phase no-delay instances is 400.
[    0.234328] NMI watchdog: Perf NMI watchdog permanently disabled
[    0.234403] smp: Bringing up secondary CPUs ...
[    0.234416] smp: Brought up 1 node, 1 CPU
[    0.234427] smpboot: Total of 1 processors activated (2000.02 BogoMIPS)
[    0.234500] Memory: 187796K/261624K available (20273K kernel code, 9610K rwdata, 15088K rodata, 2512K init, 6488K bss, 70076K reserved, 0K cma-reserved)
[    0.234672] devtmpfs: initialized
[    0.234752] x86/mm: Memory block size: 128MB
[    0.235445] clocksource: jiffies: mask: 0xffffffff max_cycles: 0xffffffff, max_idle_ns: 1911260446275000 ns
[    0.235468] posixtimers hash table entries: 512 (order: 1, 8192 bytes, linear)
[    0.235490] futex hash table entries: 256 (16384 bytes on 1 NUMA nodes, total 16 KiB, linear).
[    0.237390] NET: Registered PF_NETLINK/PF_ROUTE protocol family
[    0.237663] DMA: preallocated 128 KiB GFP_KERNEL pool for atomic allocations
[    0.237681] DMA: preallocated 128 KiB GFP_KERNEL|GFP_DMA pool for atomic allocations
[    0.237700] DMA: preallocated 128 KiB GFP_KERNEL|GFP_DMA32 pool for atomic allocations
[    0.237731] audit: initializing netlink subsys (disabled)
[    0.237970] thermal_sys: Registered thermal governor 'step_wise'
[    0.237973] thermal_sys: Registered thermal governor 'user_space'
[    0.237995] audit: type=2000 audit(1767225605.169:1): state=initialized audit_enabled=0 res=1
[    0.238027] cpuidle: using governor menu
[    0.238223] dca service started, version 1.12.1
[    0.238242] PCI: Using configuration type 1 for base access
[    0.238511] kprobes: kprobe jump-optimization is enabled. All kprobes are optimized if possible.
[    0.381885] HugeTLB: registered 2.00 MiB page size, pre-allocated 0 pages
[    0.381898] HugeTLB: 28 KiB vmemmap can be freed for a 2.00 MiB page
[    0.403766] raid6: sse2x4   gen()  1287 MB/s
[    0.420766] raid6: sse2x2   gen()  1365 MB/s
[    0.437754] raid6: sse2x1   gen()  1135 MB/s
[    0.437765] raid6: using algorithm sse2x2 gen() 1365 MB/s
[    0.454754] raid6: .... xor() 838 MB/s, rmw enabled
[    0.454764] raid6: using intx1 recovery algorithm
[    0.454835] ACPI: Added _OSI(Module Device)
[    0.454845] ACPI: Added _OSI(Processor Device)
[    0.454856] ACPI: Added _OSI(Processor Aggregator Device)
[    0.457889] ACPI: 1 ACPI AML tables successfully acquired and loaded
[    0.536271] ACPI: Interpreter enabled
[    0.536287] ACPI: PM: (supports S0 S5)
[    0.536296] ACPI: Using IOAPIC for interrupt routing
[    0.536324] PCI: Using host bridge windows from ACPI; if necessary, use "pci=nocrs" and report a bug
[    0.536341] PCI: Ignoring E820 reservations for host bridge windows
[    0.536582] ACPI: Enabled 2 GPEs in block 00 to 0F
[    0.542810] ACPI: PCI Root Bridge [PCI0] (domain 0000 [bus 00-ff])
[    0.542830] acpi PNP0A03:00: _OSC: OS supports [ASPM ClockPM Segments MSI EDR HPX-Type3]
[    0.542849] acpi PNP0A03:00: _OSC: not requesting OS control; OS requires [ExtendedConfig ASPM ClockPM MSI]
[    0.542885] acpi PNP0A03:00: fail to add MMCONFIG information, can't access extended configuration space under this bridge
[    0.543215] PCI host bridge to bus 0000:00
[    0.543230] pci_bus 0000:00: root bus resource [io  0x0000-0x0cf7 window]
[    0.543246] pci_bus 0000:00: root bus resource [io  0x0d00-0xffff window]
[    0.543263] pci_bus 0000:00: root bus resource [mem 0x000a0000-0x000bffff window]
[    0.543281] pci_bus 0000:00: root bus resource [mem 0x10000000-0xfebfffff window]
[    0.543298] pci_bus 0000:00: root bus resource [mem 0x100000000-0x17fffffff window]
[    0.543317] pci_bus 0000:00: root bus resource [bus 00-ff]
[    0.543355] pci 0000:00:00.0: [8086:1237] type 00 class 0x060000 conventional PCI endpoint
[    0.543495] pci 0000:00:01.0: [8086:7000] type 00 class 0x060100 conventional PCI endpoint
[    0.543647] pci 0000:00:01.1: [8086:7010] type 00 class 0x010180 conventional PCI endpoint
[    0.543673] pci 0000:00:01.1: BAR 4 [io  0xc000-0xc00f]
[    0.543688] pci 0000:00:01.1: BAR 0 [io  0x01f0-0x01f7]: legacy IDE quirk
[    0.543704] pci 0000:00:01.1: BAR 1 [io  0x03f6]: legacy IDE quirk
[    0.543719] pci 0000:00:01.1: BAR 2 [io  0x0170-0x0177]: legacy IDE quirk
[    0.543735] pci 0000:00:01.1: BAR 3 [io  0x0376]: legacy IDE quirk
[    0.545159] pci 0000:00:01.3: [8086:7113] type 00 class 0x068000 conventional PCI endpoint
[    0.545191] pci 0000:00:01.3: quirk: [io  0x0600-0x063f] claimed by PIIX4 ACPI
[    0.545209] pci 0000:00:01.3: quirk: [io  0x0700-0x070f] claimed by PIIX4 SMB
[    0.545756] ACPI: PCI: Interrupt link LNKA configured for IRQ 10
[    0.545894] ACPI: PCI: Interrupt link LNKB configured for IRQ 10
[    0.546033] ACPI: PCI: Interrupt link LNKC configured for IRQ 11
[    0.546172] ACPI: PCI: Interrupt link LNKD configured for IRQ 11
[    0.546243] ACPI: PCI: Interrupt link LNKS configured for IRQ 9
[    0.554134] iommu: Default domain type: Translated
[    0.554145] iommu: DMA domain TLB invalidation policy: lazy mode
[    0.554404] SCSI subsystem initialized
[    0.554479] ACPI: bus type USB registered
[    0.554530] usbcore: registered new interface driver usbfs
[    0.554558] usbcore: registered new interface driver hub
[    0.554582] usbcore: registered new device driver usb
[    0.554629] pps_core: LinuxPPS API ver. 1 registered
[    0.554639] pps_core: Software ver. 5.3.6 - Copyright 2005-2007 Rodolfo Giometti <giometti@linux.it>
[    0.554661] PTP clock support registered
[    0.556462] EDAC MC: Ver: 3.0.0
[    0.557137] PCI: Using ACPI for IRQ routing
[    0.557273] clocksource: Switched to clocksource tsc-early
[    0.557488] VFS: Disk quotas dquot_6.6.0
[    0.557507] VFS: Dquot-cache hash table entries: 512 (order 0, 4096 bytes)
[    0.557908] pnp: PnP ACPI init
[    0.558435] pnp: PnP ACPI: found 5 devices
[    0.572281] clocksource: acpi_pm: mask: 0xffffff max_cycles: 0xffffff, max_idle_ns: 2085701024 ns
[    0.572470] NET: Registered PF_INET protocol family
[    0.572566] IP idents hash table entries: 4096 (order: 3, 32768 bytes, linear)
[    0.714532] tcp_listen_portaddr_hash hash table entries: 256 (order: 0, 4096 bytes, linear)
[    0.714554] Table-perturb hash table entries: 65536 (order: 6, 262144 bytes, linear)
[    0.714575] TCP established hash table entries: 2048 (order: 2, 16384 bytes, linear)
[    0.714608] TCP bind hash table entries: 2048 (order: 4, 65536 bytes, linear)
[    0.714650] TCP: Hash tables configured (established 2048 bind 2048)
[    0.714721] MPTCP token hash table entries: 256 (order: 1, 6144 bytes, linear)
[    0.714754] UDP hash table entries: 256 (order: 2, 16384 bytes, linear)
[    0.714781] UDP-Lite hash table entries: 256 (order: 2, 16384 bytes, linear)
[    0.714871] NET: Registered PF_UNIX/PF_LOCAL protocol family
[    0.714891] NET: Registered PF_XDP protocol family
[    0.714909] pci_bus 0000:00: resource 4 [io  0x0000-0x0cf7 window]
[    0.714925] pci_bus 0000:00: resource 5 [io  0x0d00-0xffff window]
[    0.714940] pci_bus 0000:00: resource 6 [mem 0x000a0000-0x000bffff window]
[    0.714958] pci_bus 0000:00: resource 7 [mem 0x10000000-0xfebfffff window]
[    0.714975] pci_bus 0000:00: resource 8 [mem 0x100000000-0x17fffffff window]
[    0.715070] pci 0000:00:01.0: PIIX3: Enabling Passive Release
[    0.715085] pci 0000:00:00.0: Limiting direct PCI/PCI transfers
[    0.715125] PCI: CLS 0 bytes, default 64
[    0.715356] Trying to unpack rootfs image as initramfs...
[    0.836754] Freeing initrd memory: 752K
[    1.156892] Initialise system trusted keyrings
[    1.156978] workingset: timestamp_bits=43 max_order=16 bucket_order=0
[    1.157430] fuse: init (API version 7.44)
[    1.157801] SGI XFS with ACLs, security attributes, realtime, quota, no debug enabled
[    1.160506] cryptd: max_cpu_qlen set to 1000
[    1.256857] NET: Registered PF_ALG protocol family
[    1.256883] xor: measuring software checksum speed
[    1.257743]    prefetch64-sse  :  3860 MB/sec
[    1.258708]    generic_sse     :  3438 MB/sec
[    1.258718] xor: using function: prefetch64-sse (3860 MB/sec)
[    1.258731] Key type asymmetric registered
[    1.258741] Asymmetric key parser 'x509' registered
[    1.258767] Block layer SCSI generic (bsg) driver version 0.4 loaded (major 245)
[    1.258932] io scheduler mq-deadline registered
[    1.258942] io scheduler kyber registered
[    1.258981] Memory allocation profiling is not supported!
[    1.259297] ioatdma: Intel(R) QuickData Technology Driver 5.00
[    1.259411] Serial: 8250/16550 driver, 16 ports, IRQ sharing enabled
[    1.259543] 00:03: ttyS0 at I/O 0x3f8 (irq = 4, base_baud = 115200) is a 16550A
[    1.263256] brd: module loaded
[    1.263892] wireguard: WireGuard 1.0.0 loaded. See www.wireguard.com for information.
[    1.263905] wireguard: Copyright (C) 2015-2019 Jason A. Donenfeld <Jason@zx2c4.com>. All Rights Reserved.
[    1.264276] igb: Intel(R) Gigabit Ethernet Network Driver
[    1.264287] igb: Copyright (c) 2007-2014 Intel Corporation.
[    1.264322] ixgbe: Intel(R) 10 Gigabit PCI Express Network Driver
[    1.264335] ixgbe: Copyright (c) 1999-2016 Intel Corporation.
[    1.264696] usbcore: registered new interface driver ark3116
[    1.264717] usbserial: USB Serial support registered for ark3116
[    1.264747] usbcore: registered new interface driver pl2303
[    1.264767] usbserial: USB Serial support registered for pl2303
[    1.264848] i8042: PNP: PS/2 Controller [PNP0303:KBD,PNP0f13:MOU] at 0x60,0x64 irq 1,12
[    1.265065] serio: i8042 KBD port at 0x60,0x64 irq 1
[    1.265081] serio: i8042 AUX port at 0x60,0x64 irq 12
[    1.265138] rtc_cmos 00:04: RTC can wake from S4
[    1.265371] input: AT Translated Set 2 keyboard as /devices/platform/i8042/serio0/input/input0
[    1.265609] rtc_cmos 00:04: registered as rtc0
[    1.265622] rtc_cmos 00:04: setting system clock to 2026-01-01T00:00:06 UTC (1767225606)
[    1.265665] rtc_cmos 00:04: alarms up to one day, y3k, 242 bytes nvram
[    1.265694] i2c_dev: i2c /dev entries driver
[    1.265866] device-mapper: core: CONFIG_IMA_DISABLE_HTABLE is disabled. Duplicate IMA measurements will not be recorded in the IMA log.
[    1.265957] device-mapper: ioctl: 4.50.0-ioctl (2025-04-28) initialised: dm-devel@lists.linux.dev
[    1.265977] amd_pstate: the _CPC object is not present in SBIOS or ACPI disabled
[    1.266310] usbcore: registered new interface driver usbhid
[    1.266322] usbhid: USB HID core driver
[    1.266556] Initializing XFRM netlink socket
[    1.266588] NET: Registered PF_INET6 protocol family
[    1.267044] Segment Routing with IPv6
[    1.267087] In-situ OAM (IOAM) with IPv6
[    1.267134] NET: Registered PF_PACKET protocol family
[    1.267216] Key type dns_resolver registered
[    1.267298] NET: Registered PF_VSOCK protocol family
[    1.267525] IPI shorthand broadcast: enabled
[    1.276526] sched_clock: Marking stable (1275001579, 1235582)->(1277667386, -1430225)
[    1.276714] registered taskstats version 1
[    1.277231] Loading compiled-in X.509 certificates
[    1.282736] Loaded X.509 cert 'Build time autogenerated kernel key: f6dfbbfd890fcc62dc7a9694aa194ccefbcceb25'
[    1.282859] Loaded X.509 cert 'Facebook, Inc.: 5a72a683c8fca25b0231d7422a1ed5a038ff5fd9'
[    1.293473] Demotion targets for Node 0: null
[    1.294807] Btrfs loaded, zoned=no, fsverity=yes
[    1.294938] ima: No TPM chip found, activating TPM-bypass!
[    1.294950] ima: Allocated hash algorithm: sha256
[    1.294981] ima: No architecture policies found
[    1.295544] netconsole: network logging started
[    1.324813] clk: Disabling unused clocks
[    1.335489] Freeing unused decrypted memory: 2036K
[    1.337168] Freeing unused kernel image (initmem) memory: 2512K
[    1.337414] Write protecting the kernel read-only data: 36864k
[    1.338360] Freeing unused kernel image (text/rodata gap) memory: 204K
[    1.339174] Freeing unused kernel image (rodata/data gap) memory: 1296K
[    1.339186] Run /init as init process
==========================================
HERMIT-QEMU-BASELINE-BOOT-OK
[    1.594253] random: crng init done
kernel: 6.17.13-0_fbk0_crackerjackhost_0_g2b4321c50d79
==========================================
USERSPACE-BATTERY-BEGIN
sum_1_100=5050
pow2_16=65536
mod=372
seq_sum=500500
seq_sq=2870
sorted_uniq=apple,banana,cherry,
top_word=apple=3
wc=5
md5_fox=9e107d9d372bb6826bd81d3542a419d6
sha256_fox=d7a8fbb307d7809469ca9abcb0082e4f8d5651e46d3cdb762d02d0bf37c9e592
cksum_fox=2074844392_43
gen_md5=efa02f7d2544db17ab04cd17eb4471ca
gen_lines=500
pid=1
uid=0
date_utc=2026-01-01T00:00:06
hostname=(none)
fs_cat=row-1,row-2,row-3,
fs_ls=f1,f2,f3,
USERSPACE-BATTERY-END
HERMIT-QEMU-AUTOTEST-DONE
[    1.632748] ACPI: PM: Preparing to enter system sleep state S5
[    1.632769] reboot: Power down
