pr-landing-planner: NOTE: plan archived to experiments/pr-drain-planning_20260804/plans/plan-rrnewton_hermit-main-20260804T005731_009540Z.json
	Command being timed: "with-proxy agent-utils/py/bin/pr-landing-planner plan --repo rrnewton/hermit --base main --prs 1571,1556,1553,1532,1514,1498,1475,1474,1473,1472,1471,1470,1468,1467,1445,1443,1430,1412,1397,1388,1380,1365,1299,1296,1275,1254,1244,1243,1229,1221,1213,1200,1147 --git-dir /home/newton/work/dev-hermit/hermit --net-wrapper with-proxy --archive-dir experiments/pr-drain-planning_20260804/plans --format json"
	User time (seconds): 47.21
	System time (seconds): 56.44
	Percent of CPU this job got: 98%
	Elapsed (wall clock) time (h:mm:ss or m:ss): 1:44.72
	Average shared text size (kbytes): 0
	Average unshared data size (kbytes): 0
	Average stack size (kbytes): 0
	Average total size (kbytes): 0
	Maximum resident set size (kbytes): 61104
	Average resident set size (kbytes): 0
	Major (requiring I/O) page faults: 5
	Minor (reclaiming a frame) page faults: 8907842
	Voluntary context switches: 192213
	Involuntary context switches: 5180
	Swaps: 0
	File system inputs: 0
	File system outputs: 33096
	Socket messages sent: 0
	Socket messages received: 0
	Signals delivered: 0
	Page size (bytes): 4096
	Exit status: 0
