pr-landing-planner: command failed (1): with-proxy gh pr list --repo rrnewton/hermit --state open --limit 500 --json number,title,author,baseRefName,headRefName,headRefOid,isDraft,mergeable,reviewDecision,createdAt,updatedAt,additions,deletions,labels,statusCheckRollup
HTTP 504: We couldn't respond to your request in time. Sorry about that. Please try resubmitting your request and contact us if the problem persists. (https://api.github.com/graphql)
Command exited with non-zero status 2
	Command being timed: "with-proxy agent-utils/py/bin/pr-landing-planner plan --repo rrnewton/hermit --base main --git-dir /home/newton/work/dev-hermit/hermit --net-wrapper with-proxy --archive-dir experiments/pr-drain-planning_20260804/plans --format json"
	User time (seconds): 0.23
	System time (seconds): 0.11
	Percent of CPU this job got: 3%
	Elapsed (wall clock) time (h:mm:ss or m:ss): 0:11.51
	Average shared text size (kbytes): 0
	Average unshared data size (kbytes): 0
	Average stack size (kbytes): 0
	Average total size (kbytes): 0
	Maximum resident set size (kbytes): 45876
	Average resident set size (kbytes): 0
	Major (requiring I/O) page faults: 0
	Minor (reclaiming a frame) page faults: 23765
	Voluntary context switches: 1592
	Involuntary context switches: 14
	Swaps: 0
	File system inputs: 200
	File system outputs: 528
	Socket messages sent: 0
	Socket messages received: 0
	Signals delivered: 0
	Page size (bytes): 4096
	Exit status: 2
