pr-landing-planner: NOTE: plan archived to experiments/pr-drain-planning_20260804/plans/plan-rrnewton_reverie-main-20260804T010127_141750Z.json
	Command being timed: "with-proxy agent-utils/py/bin/pr-landing-planner plan --repo rrnewton/reverie --base main --prs 359,358,355,354,353,351,349,347,345,344,287,223,221 --git-dir /home/newton/work/dev-hermit/reverie --net-wrapper with-proxy --archive-dir experiments/pr-drain-planning_20260804/plans --format json"
	User time (seconds): 7.02
	System time (seconds): 6.97
	Percent of CPU this job got: 84%
	Elapsed (wall clock) time (h:mm:ss or m:ss): 0:16.54
	Average shared text size (kbytes): 0
	Average unshared data size (kbytes): 0
	Average stack size (kbytes): 0
	Average total size (kbytes): 0
	Maximum resident set size (kbytes): 53512
	Average resident set size (kbytes): 0
	Major (requiring I/O) page faults: 121
	Minor (reclaiming a frame) page faults: 1087281
	Voluntary context switches: 46526
	Involuntary context switches: 925
	Swaps: 0
	File system inputs: 1616
	File system outputs: 22744
	Socket messages sent: 0
	Socket messages received: 0
	Signals delivered: 0
	Page size (bytes): 4096
	Exit status: 0
