[n20-nondet-time/native] drv=/nix/store/c7km7f6x4xx60phwnxgy4sjhqdimh8fh-nondet-time.drv
[n20-nondet-time/native] phase A: realising inputs (substitution allowed)
[n20-nondet-time/native] build#1 outs=/nix/store/l334v1iwif7b6ik97k81wia9kzhmgxqv-nondet-time nar=16kmgzf42z2zx6dmymrkca6as6c52gb17dzf5jj28xss6nnbmy03 wall=0s
[n20-nondet-time/native] build#2 outs=/nix/store/l334v1iwif7b6ik97k81wia9kzhmgxqv-nondet-time nar=1qqlprh58sgwj8zjy53ik1hfvscx5ikasf5ac34k4s37krw34z43 wall=0s
[n20-nondet-time/native] build#3 outs=/nix/store/l334v1iwif7b6ik97k81wia9kzhmgxqv-nondet-time nar=0nahhiivqzcxc8fyahcsw44cw7bg58734lrknz78ggwrwqkw2ggz wall=0s
[n20-nondet-time/native] build#4 outs=/nix/store/l334v1iwif7b6ik97k81wia9kzhmgxqv-nondet-time nar=16k6sbqhknnxwwi928s8lcizxgbmk2ivyqkfy6gq6xrl5jm58q0v wall=0s
[n20-nondet-time/native] build#5 outs=/nix/store/l334v1iwif7b6ik97k81wia9kzhmgxqv-nondet-time nar=1v7p7hq901569xg1h36gr8sbz0mhihrbddw3sh5sv79cslfp4yzv wall=1s
[n20-nondet-time/native] build#6 outs=/nix/store/l334v1iwif7b6ik97k81wia9kzhmgxqv-nondet-time nar=18njqin4hjv3nd2ibh3nqzr9a1cc0xwh6w50bj1j2mh48j6ak01i wall=0s
[n20-nondet-time/native] build#7 outs=/nix/store/l334v1iwif7b6ik97k81wia9kzhmgxqv-nondet-time nar=0z60bsing4lsgrnmm33zq5g15wvdxili6b779fkfrnl44grcvjir wall=0s
[n20-nondet-time/native] build#8 outs=/nix/store/l334v1iwif7b6ik97k81wia9kzhmgxqv-nondet-time nar=0zbvpx35ri749x35286zds25cdp7cc9184s69viglj21zi8vndmh wall=0s
[n20-nondet-time/native] build#9 outs=/nix/store/l334v1iwif7b6ik97k81wia9kzhmgxqv-nondet-time nar=1l35r5wshvxcgm99aawq3p9bkac6hzqhd6ps5f87859m27zcv8m6 wall=0s
[n20-nondet-time/native] build#10 outs=/nix/store/l334v1iwif7b6ik97k81wia9kzhmgxqv-nondet-time nar=16zx4zpm3g5ra3diaszm5w13clznb93wikn9yb6z0jfmxgs9q5ff wall=0s
[n20-nondet-time/native] build#11 outs=/nix/store/l334v1iwif7b6ik97k81wia9kzhmgxqv-nondet-time nar=0jl3jk5dfnyjlgm0974aqhzc4j791ld5yc07fc1z4zll55q5gshp wall=0s
[n20-nondet-time/native] build#12 outs=/nix/store/l334v1iwif7b6ik97k81wia9kzhmgxqv-nondet-time nar=0ch8x2rlv340bycxzwrn6njl4s7lja6ycrjz8a6knxrfbay0cv6r wall=0s
[n20-nondet-time/native] build#13 outs=/nix/store/l334v1iwif7b6ik97k81wia9kzhmgxqv-nondet-time nar=0yl9mw5xl3prs34mird25064c1kvdx3q85zl7x9lcmgj79f5i1sr wall=0s
[n20-nondet-time/native] build#14 outs=/nix/store/l334v1iwif7b6ik97k81wia9kzhmgxqv-nondet-time nar=10jp38rmpwa75kgr8zz3sx38f9qarf7p3v3whcahy7xn3c3j730n wall=0s
[n20-nondet-time/native] build#15 outs=/nix/store/l334v1iwif7b6ik97k81wia9kzhmgxqv-nondet-time nar=1dbjsnbdmwngrjz6v1g544xafv73i712457dknr83qpfbwgjiwpa wall=1s
[n20-nondet-time/native] build#16 outs=/nix/store/l334v1iwif7b6ik97k81wia9kzhmgxqv-nondet-time nar=09q01fb09yf7ha3yk8z04l7k6wkmy0yj4w2h0al6475gk7vz1lqz wall=0s
[n20-nondet-time/native] build#17 outs=/nix/store/l334v1iwif7b6ik97k81wia9kzhmgxqv-nondet-time nar=1qq8q9hrnni7jq16bi0q8h6by3jfnbiskjjjw4xfh0kvyzvgfxn4 wall=1s
[n20-nondet-time/native] build#18 outs=/nix/store/l334v1iwif7b6ik97k81wia9kzhmgxqv-nondet-time nar=0js6nfzhbv1rslji1jhccfyyg9g187adin5wp0qf706kcq7ilb9s wall=0s
[n20-nondet-time/native] build#19 outs=/nix/store/l334v1iwif7b6ik97k81wia9kzhmgxqv-nondet-time nar=0h0jywck7hx98xxa89sg18fckzkav49k961y2gsp3qf8gpljf456 wall=0s
[n20-nondet-time/native] build#20 outs=/nix/store/l334v1iwif7b6ik97k81wia9kzhmgxqv-nondet-time nar=1dv0xrmkc82d4vwqgprn991cfwxmfyjnvp692qz3gnbr2b2n6pdr wall=0s
[n20-nondet-time/native] VERDICT: NONDETERMINISTIC (n=20 distinct=20)
n20-nondet-time,"(import ./nix/nondet-time.nix) {}",native,"native",/nix/store/c7km7f6x4xx60phwnxgy4sjhqdimh8fh-nondet-time.drv,20,20,NONDETERMINISTIC,16kmgzf42z2zx6dmymrkca6as6c52gb17dzf5jj28xss6nnbmy03 1qqlprh58sgwj8zjy53ik1hfvscx5ikasf5ac34k4s37krw34z43 0nahhiivqzcxc8fyahcsw44cw7bg58734lrknz78ggwrwqkw2ggz 16k6sbqhknnxwwi928s8lcizxgbmk2ivyqkfy6gq6xrl5jm58q0v 1v7p7hq901569xg1h36gr8sbz0mhihrbddw3sh5sv79cslfp4yzv 18njqin4hjv3nd2ibh3nqzr9a1cc0xwh6w50bj1j2mh48j6ak01i 0z60bsing4lsgrnmm33zq5g15wvdxili6b779fkfrnl44grcvjir 0zbvpx35ri749x35286zds25cdp7cc9184s69viglj21zi8vndmh 1l35r5wshvxcgm99aawq3p9bkac6hzqhd6ps5f87859m27zcv8m6 16zx4zpm3g5ra3diaszm5w13clznb93wikn9yb6z0jfmxgs9q5ff 0jl3jk5dfnyjlgm0974aqhzc4j791ld5yc07fc1z4zll55q5gshp 0ch8x2rlv340bycxzwrn6njl4s7lja6ycrjz8a6knxrfbay0cv6r 0yl9mw5xl3prs34mird25064c1kvdx3q85zl7x9lcmgj79f5i1sr 10jp38rmpwa75kgr8zz3sx38f9qarf7p3v3whcahy7xn3c3j730n 1dbjsnbdmwngrjz6v1g544xafv73i712457dknr83qpfbwgjiwpa 09q01fb09yf7ha3yk8z04l7k6wkmy0yj4w2h0al6475gk7vz1lqz 1qq8q9hrnni7jq16bi0q8h6by3jfnbiskjjjw4xfh0kvyzvgfxn4 0js6nfzhbv1rslji1jhccfyyg9g187adin5wp0qf706kcq7ilb9s 0h0jywck7hx98xxa89sg18fckzkav49k961y2gsp3qf8gpljf456 1dv0xrmkc82d4vwqgprn991cfwxmfyjnvp692qz3gnbr2b2n6pdr,0 0 0 0 1 0 0 0 0 0 0 0 0 0 1 0 1 0 0 0,
[n20-nondet-time/hermit] drv=/nix/store/zchz93ccrkcnfhx9nfl6izrcy7j900kq-nondet-time.drv
[n20-nondet-time/hermit] phase A: realising inputs (substitution allowed)
[n20-nondet-time/hermit] build#1 outs=/nix/store/f5dyl4j4s904fxignnlw9c71vxxll684-nondet-time nar=1l9290vfk3lca7lmrss1p8virylharzjjb485cmmjcg6kl85njda wall=1s
[n20-nondet-time/hermit] build#2 outs=/nix/store/f5dyl4j4s904fxignnlw9c71vxxll684-nondet-time nar=1l9290vfk3lca7lmrss1p8virylharzjjb485cmmjcg6kl85njda wall=1s
[n20-nondet-time/hermit] build#3 outs=/nix/store/f5dyl4j4s904fxignnlw9c71vxxll684-nondet-time nar=1l9290vfk3lca7lmrss1p8virylharzjjb485cmmjcg6kl85njda wall=1s
[n20-nondet-time/hermit] build#4 outs=/nix/store/f5dyl4j4s904fxignnlw9c71vxxll684-nondet-time nar=1l9290vfk3lca7lmrss1p8virylharzjjb485cmmjcg6kl85njda wall=2s
[n20-nondet-time/hermit] build#5 outs=/nix/store/f5dyl4j4s904fxignnlw9c71vxxll684-nondet-time nar=1l9290vfk3lca7lmrss1p8virylharzjjb485cmmjcg6kl85njda wall=1s
[n20-nondet-time/hermit] build#6 outs=/nix/store/f5dyl4j4s904fxignnlw9c71vxxll684-nondet-time nar=1l9290vfk3lca7lmrss1p8virylharzjjb485cmmjcg6kl85njda wall=1s
[n20-nondet-time/hermit] build#7 outs=/nix/store/f5dyl4j4s904fxignnlw9c71vxxll684-nondet-time nar=1l9290vfk3lca7lmrss1p8virylharzjjb485cmmjcg6kl85njda wall=1s
[n20-nondet-time/hermit] build#8 outs=/nix/store/f5dyl4j4s904fxignnlw9c71vxxll684-nondet-time nar=1l9290vfk3lca7lmrss1p8virylharzjjb485cmmjcg6kl85njda wall=2s
[n20-nondet-time/hermit] build#9 outs=/nix/store/f5dyl4j4s904fxignnlw9c71vxxll684-nondet-time nar=1l9290vfk3lca7lmrss1p8virylharzjjb485cmmjcg6kl85njda wall=1s
[n20-nondet-time/hermit] build#10 outs=/nix/store/f5dyl4j4s904fxignnlw9c71vxxll684-nondet-time nar=1l9290vfk3lca7lmrss1p8virylharzjjb485cmmjcg6kl85njda wall=1s
[n20-nondet-time/hermit] build#11 outs=/nix/store/f5dyl4j4s904fxignnlw9c71vxxll684-nondet-time nar=1l9290vfk3lca7lmrss1p8virylharzjjb485cmmjcg6kl85njda wall=1s
[n20-nondet-time/hermit] build#12 outs=/nix/store/f5dyl4j4s904fxignnlw9c71vxxll684-nondet-time nar=1l9290vfk3lca7lmrss1p8virylharzjjb485cmmjcg6kl85njda wall=2s
[n20-nondet-time/hermit] build#13 outs=/nix/store/f5dyl4j4s904fxignnlw9c71vxxll684-nondet-time nar=1l9290vfk3lca7lmrss1p8virylharzjjb485cmmjcg6kl85njda wall=1s
[n20-nondet-time/hermit] build#14 outs=/nix/store/f5dyl4j4s904fxignnlw9c71vxxll684-nondet-time nar=1l9290vfk3lca7lmrss1p8virylharzjjb485cmmjcg6kl85njda wall=1s
[n20-nondet-time/hermit] build#15 outs=/nix/store/f5dyl4j4s904fxignnlw9c71vxxll684-nondet-time nar=1l9290vfk3lca7lmrss1p8virylharzjjb485cmmjcg6kl85njda wall=1s
[n20-nondet-time/hermit] build#16 outs=/nix/store/f5dyl4j4s904fxignnlw9c71vxxll684-nondet-time nar=1l9290vfk3lca7lmrss1p8virylharzjjb485cmmjcg6kl85njda wall=1s
[n20-nondet-time/hermit] build#17 outs=/nix/store/f5dyl4j4s904fxignnlw9c71vxxll684-nondet-time nar=1l9290vfk3lca7lmrss1p8virylharzjjb485cmmjcg6kl85njda wall=1s
[n20-nondet-time/hermit] build#18 outs=/nix/store/f5dyl4j4s904fxignnlw9c71vxxll684-nondet-time nar=1l9290vfk3lca7lmrss1p8virylharzjjb485cmmjcg6kl85njda wall=1s
[n20-nondet-time/hermit] build#19 outs=/nix/store/f5dyl4j4s904fxignnlw9c71vxxll684-nondet-time nar=1l9290vfk3lca7lmrss1p8virylharzjjb485cmmjcg6kl85njda wall=1s
[n20-nondet-time/hermit] build#20 outs=/nix/store/f5dyl4j4s904fxignnlw9c71vxxll684-nondet-time nar=1l9290vfk3lca7lmrss1p8virylharzjjb485cmmjcg6kl85njda wall=1s
[n20-nondet-time/hermit] VERDICT: reproducible (n=20 distinct=1)
n20-nondet-time,"(import ./nix/nondet-time.nix) {}",hermit,"run --tmp=/tmp --no-rcb-time --max-timeslice disabled",/nix/store/zchz93ccrkcnfhx9nfl6izrcy7j900kq-nondet-time.drv,20,1,reproducible,1l9290vfk3lca7lmrss1p8virylharzjjb485cmmjcg6kl85njda 1l9290vfk3lca7lmrss1p8virylharzjjb485cmmjcg6kl85njda 1l9290vfk3lca7lmrss1p8virylharzjjb485cmmjcg6kl85njda 1l9290vfk3lca7lmrss1p8virylharzjjb485cmmjcg6kl85njda 1l9290vfk3lca7lmrss1p8virylharzjjb485cmmjcg6kl85njda 1l9290vfk3lca7lmrss1p8virylharzjjb485cmmjcg6kl85njda 1l9290vfk3lca7lmrss1p8virylharzjjb485cmmjcg6kl85njda 1l9290vfk3lca7lmrss1p8virylharzjjb485cmmjcg6kl85njda 1l9290vfk3lca7lmrss1p8virylharzjjb485cmmjcg6kl85njda 1l9290vfk3lca7lmrss1p8virylharzjjb485cmmjcg6kl85njda 1l9290vfk3lca7lmrss1p8virylharzjjb485cmmjcg6kl85njda 1l9290vfk3lca7lmrss1p8virylharzjjb485cmmjcg6kl85njda 1l9290vfk3lca7lmrss1p8virylharzjjb485cmmjcg6kl85njda 1l9290vfk3lca7lmrss1p8virylharzjjb485cmmjcg6kl85njda 1l9290vfk3lca7lmrss1p8virylharzjjb485cmmjcg6kl85njda 1l9290vfk3lca7lmrss1p8virylharzjjb485cmmjcg6kl85njda 1l9290vfk3lca7lmrss1p8virylharzjjb485cmmjcg6kl85njda 1l9290vfk3lca7lmrss1p8virylharzjjb485cmmjcg6kl85njda 1l9290vfk3lca7lmrss1p8virylharzjjb485cmmjcg6kl85njda 1l9290vfk3lca7lmrss1p8virylharzjjb485cmmjcg6kl85njda,1 1 1 2 1 1 1 2 1 1 1 2 1 1 1 1 1 1 1 1,
[n20-nondet-demo/native] drv=/nix/store/0d51xyvk1y4c3a1bclnzcbafbfljn9c4-nondet-demo.drv
[n20-nondet-demo/native] phase A: realising inputs (substitution allowed)
[n20-nondet-demo/native] build#1 outs=/nix/store/176z04f330k06pgld90hryhj73s6kjzc-nondet-demo nar=1wkc51lzva1hhlh3g9c9p55qnnhnl51nmccjp222gz3pgyins58y wall=1s
[n20-nondet-demo/native] build#2 outs=/nix/store/176z04f330k06pgld90hryhj73s6kjzc-nondet-demo nar=087hlv9955cyjidv9r36y1iv0igr8ksffwklkascrnp06nps4xsh wall=1s
[n20-nondet-demo/native] build#3 outs=/nix/store/176z04f330k06pgld90hryhj73s6kjzc-nondet-demo nar=1w6lq1cjqfnfscqvgaz67c029nlwdcwpys1cfskpjagfqls5yrhw wall=0s
[n20-nondet-demo/native] build#4 outs=/nix/store/176z04f330k06pgld90hryhj73s6kjzc-nondet-demo nar=0rpas37znfwqkdrzbai9722xjy015ici2g5jqxz1vmzdfixdlq87 wall=0s
[n20-nondet-demo/native] build#5 outs=/nix/store/176z04f330k06pgld90hryhj73s6kjzc-nondet-demo nar=038swkkpm9q5fxi5n8qbfm7fc72bfb4kfzzh3fardh061wazz6m1 wall=0s
[n20-nondet-demo/native] build#6 outs=/nix/store/176z04f330k06pgld90hryhj73s6kjzc-nondet-demo nar=1sfiv5ng79jnmx8db6n14mcva5sgv3krhaar2lf8v1b46lr68jwy wall=0s
[n20-nondet-demo/native] build#7 outs=/nix/store/176z04f330k06pgld90hryhj73s6kjzc-nondet-demo nar=0fa0nvkgv4qv3p5yqkdg9c6jzfbard76gcrdr5gcnfbzvngj4y0i wall=0s
[n20-nondet-demo/native] build#8 outs=/nix/store/176z04f330k06pgld90hryhj73s6kjzc-nondet-demo nar=1qaqwwjwkw3cdli4jr9ln9pkm0f0xcpphvvry917fx67szipvxm5 wall=1s
[n20-nondet-demo/native] build#9 outs=/nix/store/176z04f330k06pgld90hryhj73s6kjzc-nondet-demo nar=01svvi1n49vy9pfplgyjixcs43wjkmh5f411qawzkszdabby1k8z wall=0s
[n20-nondet-demo/native] build#10 outs=/nix/store/176z04f330k06pgld90hryhj73s6kjzc-nondet-demo nar=1snfwi00w131xfm2s9p3bn5ixwa3xzssvr20xb1w760wqcj7dwj4 wall=0s
[n20-nondet-demo/native] build#11 outs=/nix/store/176z04f330k06pgld90hryhj73s6kjzc-nondet-demo nar=0vphlw7nzqkw2364znkkw97wskd74cfnl4llswm5laxmzkfcgj2m wall=0s
[n20-nondet-demo/native] build#12 outs=/nix/store/176z04f330k06pgld90hryhj73s6kjzc-nondet-demo nar=1qsj1w16idi2jfy8jxx14f7hk9yli63k6c5939h9fbqgvi1vvbha wall=1s
[n20-nondet-demo/native] build#13 outs=/nix/store/176z04f330k06pgld90hryhj73s6kjzc-nondet-demo nar=0nbwxs43mbb1bcwd95y7ijfbhifgqb7hm7xqnaj0fh89g0yrrwjp wall=0s
[n20-nondet-demo/native] build#14 outs=/nix/store/176z04f330k06pgld90hryhj73s6kjzc-nondet-demo nar=0h6llkcbn7dh3pq6m11i8zz7x1rclrxhi7m3zpxpazfgj6zlmh3m wall=0s
[n20-nondet-demo/native] build#15 outs=/nix/store/176z04f330k06pgld90hryhj73s6kjzc-nondet-demo nar=1zlcc2019l965dm7f2ahc8ihgwyz5jzqylnbjy7d420lxhawc2hc wall=0s
[n20-nondet-demo/native] build#16 outs=/nix/store/176z04f330k06pgld90hryhj73s6kjzc-nondet-demo nar=10zc360mj77944b13rzzaib3yb1jyrrfcfm2d7qskwf25rnzpq9y wall=0s
[n20-nondet-demo/native] build#17 outs=/nix/store/176z04f330k06pgld90hryhj73s6kjzc-nondet-demo nar=16ybi2vqda5lh5mly70ggnxni73kvinbrqkcdm2gl9fp25jmdbnf wall=0s
[n20-nondet-demo/native] build#18 outs=/nix/store/176z04f330k06pgld90hryhj73s6kjzc-nondet-demo nar=1lmgp3fkgc6pjhls3nflpdyajx5qkcdxw7fc315npb060vk2mrfv wall=0s
[n20-nondet-demo/native] build#19 outs=/nix/store/176z04f330k06pgld90hryhj73s6kjzc-nondet-demo nar=19dx0vwfppnf836jxvnnlrqk5hsr2fcmhdsiz58gfnfh0j7vmhl3 wall=0s
[n20-nondet-demo/native] build#20 outs=/nix/store/176z04f330k06pgld90hryhj73s6kjzc-nondet-demo nar=01wr0p5hjziwbbgbqm5rsv07y3v3aszdxzwlphq1bffhs31bz4x4 wall=0s
[n20-nondet-demo/native] VERDICT: NONDETERMINISTIC (n=20 distinct=20)
n20-nondet-demo,"(import ./nix/nondet-demo.nix) {}",native,"native",/nix/store/0d51xyvk1y4c3a1bclnzcbafbfljn9c4-nondet-demo.drv,20,20,NONDETERMINISTIC,1wkc51lzva1hhlh3g9c9p55qnnhnl51nmccjp222gz3pgyins58y 087hlv9955cyjidv9r36y1iv0igr8ksffwklkascrnp06nps4xsh 1w6lq1cjqfnfscqvgaz67c029nlwdcwpys1cfskpjagfqls5yrhw 0rpas37znfwqkdrzbai9722xjy015ici2g5jqxz1vmzdfixdlq87 038swkkpm9q5fxi5n8qbfm7fc72bfb4kfzzh3fardh061wazz6m1 1sfiv5ng79jnmx8db6n14mcva5sgv3krhaar2lf8v1b46lr68jwy 0fa0nvkgv4qv3p5yqkdg9c6jzfbard76gcrdr5gcnfbzvngj4y0i 1qaqwwjwkw3cdli4jr9ln9pkm0f0xcpphvvry917fx67szipvxm5 01svvi1n49vy9pfplgyjixcs43wjkmh5f411qawzkszdabby1k8z 1snfwi00w131xfm2s9p3bn5ixwa3xzssvr20xb1w760wqcj7dwj4 0vphlw7nzqkw2364znkkw97wskd74cfnl4llswm5laxmzkfcgj2m 1qsj1w16idi2jfy8jxx14f7hk9yli63k6c5939h9fbqgvi1vvbha 0nbwxs43mbb1bcwd95y7ijfbhifgqb7hm7xqnaj0fh89g0yrrwjp 0h6llkcbn7dh3pq6m11i8zz7x1rclrxhi7m3zpxpazfgj6zlmh3m 1zlcc2019l965dm7f2ahc8ihgwyz5jzqylnbjy7d420lxhawc2hc 10zc360mj77944b13rzzaib3yb1jyrrfcfm2d7qskwf25rnzpq9y 16ybi2vqda5lh5mly70ggnxni73kvinbrqkcdm2gl9fp25jmdbnf 1lmgp3fkgc6pjhls3nflpdyajx5qkcdxw7fc315npb060vk2mrfv 19dx0vwfppnf836jxvnnlrqk5hsr2fcmhdsiz58gfnfh0j7vmhl3 01wr0p5hjziwbbgbqm5rsv07y3v3aszdxzwlphq1bffhs31bz4x4,1 1 0 0 0 0 0 1 0 0 0 1 0 0 0 0 0 0 0 0,
[n20-nondet-demo/hermit] drv=/nix/store/b4cvcnw2v20iib6i5x0iis53286rsyw3-nondet-demo.drv
[n20-nondet-demo/hermit] phase A: realising inputs (substitution allowed)
[n20-nondet-demo-fast/native] drv=/nix/store/8hk24bav45fd4mlwl6xqw87fawjidpw4-nondet-demo.drv
[n20-nondet-demo-fast/native] phase A: realising inputs (substitution allowed)
[n20-nondet-demo-fast/native] build#1 outs=/nix/store/y702qvkk1smx6b0dqnw8zv5k9sbrjw81-nondet-demo nar=0dwimqajc1s841lisbmw3x84pwhknvxncqs09r9y55jg6k5jz9ii wall=0s
[n20-nondet-demo-fast/native] build#2 outs=/nix/store/y702qvkk1smx6b0dqnw8zv5k9sbrjw81-nondet-demo nar=09nag549ym44npvq960ffyhjcdlqrs059nkw11n63nz0zwp4i38p wall=0s
[n20-nondet-demo-fast/native] build#3 outs=/nix/store/y702qvkk1smx6b0dqnw8zv5k9sbrjw81-nondet-demo nar=17smmrik7cjbrj4b0vfpx42fbxx13w2cyisiixbws5qnlb4pd7wn wall=1s
[n20-nondet-demo-fast/native] build#4 outs=/nix/store/y702qvkk1smx6b0dqnw8zv5k9sbrjw81-nondet-demo nar=1jzpcbdmy1pwm275c3naaqdkw32l8hzwvpwwqjbdmws8p5n819xi wall=0s
[n20-nondet-demo-fast/native] build#5 outs=/nix/store/y702qvkk1smx6b0dqnw8zv5k9sbrjw81-nondet-demo nar=1zc243zj3kvwyxikl9dd30h8vg8dx1dvm356g5xfk54k2i848dzm wall=0s
[n20-nondet-demo-fast/native] build#6 outs=/nix/store/y702qvkk1smx6b0dqnw8zv5k9sbrjw81-nondet-demo nar=1h34bww51rrwd56w9za2kn1hk7w4w2k569zhnyzpf3xfrr0dslbm wall=0s
[n20-nondet-demo-fast/native] build#7 outs=/nix/store/y702qvkk1smx6b0dqnw8zv5k9sbrjw81-nondet-demo nar=0y9hxsan739pikxplg98b0csrrxmci0b5kca95g6mqx7dqvvpa76 wall=0s
[n20-nondet-demo-fast/native] build#8 outs=/nix/store/y702qvkk1smx6b0dqnw8zv5k9sbrjw81-nondet-demo nar=0gris50dpcnmkds2901xpndayhbma2d5cs68lzg6gr28d4nk64y0 wall=0s
[n20-nondet-demo-fast/native] build#9 outs=/nix/store/y702qvkk1smx6b0dqnw8zv5k9sbrjw81-nondet-demo nar=16w30sd2hjyf2ab8ipxarhgaqxl4a5d178ca0pbb1aykxf9gwp5d wall=0s
[n20-nondet-demo-fast/native] build#10 outs=/nix/store/y702qvkk1smx6b0dqnw8zv5k9sbrjw81-nondet-demo nar=1xk4bhyfsmnvkcj93pssq1ndcilc3j8dvwfh0cmjj5bq3d123n2s wall=0s
[n20-nondet-demo-fast/native] build#11 outs=/nix/store/y702qvkk1smx6b0dqnw8zv5k9sbrjw81-nondet-demo nar=07blir77w1vzx4mhms8g2v4zp98cb752v4gx9fljrrj5zi0yvla7 wall=0s
[n20-nondet-demo-fast/native] build#12 outs=/nix/store/y702qvkk1smx6b0dqnw8zv5k9sbrjw81-nondet-demo nar=03mgmqjxh5q1k0ga67xn0dybnm06blavrmwbkywc8g29wv0yvgnw wall=0s
[n20-nondet-demo-fast/native] build#13 outs=/nix/store/y702qvkk1smx6b0dqnw8zv5k9sbrjw81-nondet-demo nar=1cjn1agim6jw0yj9x92x3sismcyyrhk1v3s7zwnjha6l6vdy4bpj wall=0s
[n20-nondet-demo-fast/native] build#14 outs=/nix/store/y702qvkk1smx6b0dqnw8zv5k9sbrjw81-nondet-demo nar=0bzjnxc7nfbmjpyhyp6cx0nva55fz064fsmb1aggv6ndsvvm11rr wall=0s
[n20-nondet-demo-fast/native] build#15 outs=/nix/store/y702qvkk1smx6b0dqnw8zv5k9sbrjw81-nondet-demo nar=1qmz47z2b0bihr5hi051kjq7nlwzqa9jds0dwqyfqm15mq4f4bin wall=0s
[n20-nondet-demo-fast/native] build#16 outs=/nix/store/y702qvkk1smx6b0dqnw8zv5k9sbrjw81-nondet-demo nar=1xnpyb1zi2dncisy99i0hfhaffp0my4dhpq7z887nfzi18jwhnvy wall=0s
[n20-nondet-demo-fast/native] build#17 outs=/nix/store/y702qvkk1smx6b0dqnw8zv5k9sbrjw81-nondet-demo nar=0bl873zdjk1lxgw6sqh6p24f6j5ffzbk2vsix8nfzmiwbgphjw7c wall=0s
[n20-nondet-demo-fast/native] build#18 outs=/nix/store/y702qvkk1smx6b0dqnw8zv5k9sbrjw81-nondet-demo nar=19q7jf4n3yn4ln3ca174qari1isydb3sfxwkikbi2fbnsy86cw7b wall=1s
[n20-nondet-demo-fast/native] build#19 outs=/nix/store/y702qvkk1smx6b0dqnw8zv5k9sbrjw81-nondet-demo nar=0fyy0jlrgnjxydvqvwcmk3ki3grc8jcdzx0iq7xp5zw1fz1xnd9j wall=0s
[n20-nondet-demo-fast/native] build#20 outs=/nix/store/y702qvkk1smx6b0dqnw8zv5k9sbrjw81-nondet-demo nar=13i756kkh2avfj2wvfzhnhns3q92j0q5i2rzz6yw2lm3c9y7nxq0 wall=1s
[n20-nondet-demo-fast/native] VERDICT: NONDETERMINISTIC (n=20 distinct=20)
n20-nondet-demo-fast,"(import ./nix/nondet-demo-fast.nix) {}",native,"native",/nix/store/8hk24bav45fd4mlwl6xqw87fawjidpw4-nondet-demo.drv,20,20,NONDETERMINISTIC,0dwimqajc1s841lisbmw3x84pwhknvxncqs09r9y55jg6k5jz9ii 09nag549ym44npvq960ffyhjcdlqrs059nkw11n63nz0zwp4i38p 17smmrik7cjbrj4b0vfpx42fbxx13w2cyisiixbws5qnlb4pd7wn 1jzpcbdmy1pwm275c3naaqdkw32l8hzwvpwwqjbdmws8p5n819xi 1zc243zj3kvwyxikl9dd30h8vg8dx1dvm356g5xfk54k2i848dzm 1h34bww51rrwd56w9za2kn1hk7w4w2k569zhnyzpf3xfrr0dslbm 0y9hxsan739pikxplg98b0csrrxmci0b5kca95g6mqx7dqvvpa76 0gris50dpcnmkds2901xpndayhbma2d5cs68lzg6gr28d4nk64y0 16w30sd2hjyf2ab8ipxarhgaqxl4a5d178ca0pbb1aykxf9gwp5d 1xk4bhyfsmnvkcj93pssq1ndcilc3j8dvwfh0cmjj5bq3d123n2s 07blir77w1vzx4mhms8g2v4zp98cb752v4gx9fljrrj5zi0yvla7 03mgmqjxh5q1k0ga67xn0dybnm06blavrmwbkywc8g29wv0yvgnw 1cjn1agim6jw0yj9x92x3sismcyyrhk1v3s7zwnjha6l6vdy4bpj 0bzjnxc7nfbmjpyhyp6cx0nva55fz064fsmb1aggv6ndsvvm11rr 1qmz47z2b0bihr5hi051kjq7nlwzqa9jds0dwqyfqm15mq4f4bin 1xnpyb1zi2dncisy99i0hfhaffp0my4dhpq7z887nfzi18jwhnvy 0bl873zdjk1lxgw6sqh6p24f6j5ffzbk2vsix8nfzmiwbgphjw7c 19q7jf4n3yn4ln3ca174qari1isydb3sfxwkikbi2fbnsy86cw7b 0fyy0jlrgnjxydvqvwcmk3ki3grc8jcdzx0iq7xp5zw1fz1xnd9j 13i756kkh2avfj2wvfzhnhns3q92j0q5i2rzz6yw2lm3c9y7nxq0,0 0 1 0 0 0 0 0 0 0 0 0 0 0 0 0 0 1 0 1,
[n20-nondet-demo-fast/hermit] drv=/nix/store/a9rdw63mxl57glmrpw2abkny0lbvas77-nondet-demo.drv
[n20-nondet-demo-fast/hermit] phase A: realising inputs (substitution allowed)
[n20-nondet-demo-fast/hermit] build#1 outs=/nix/store/4za0gqmiai5rlaic0dlvcajwsgs77c3c-nondet-demo nar=0wwlb5szq4v7q40366kxc20q2shcbh76v16askx1ha7prampksaj wall=1s
[n20-nondet-demo-fast/hermit] build#2 outs=/nix/store/4za0gqmiai5rlaic0dlvcajwsgs77c3c-nondet-demo nar=1l7h865j0qb3w82q51irw43lxw93rggz373ij6hmcdn9dcjx4pfn wall=1s
[n20-nondet-demo-fast/hermit] build#3 outs=/nix/store/4za0gqmiai5rlaic0dlvcajwsgs77c3c-nondet-demo nar=1l7h865j0qb3w82q51irw43lxw93rggz373ij6hmcdn9dcjx4pfn wall=1s
[n20-nondet-demo-fast/hermit] build#4 outs=/nix/store/4za0gqmiai5rlaic0dlvcajwsgs77c3c-nondet-demo nar=0wwlb5szq4v7q40366kxc20q2shcbh76v16askx1ha7prampksaj wall=1s
[n20-nondet-demo-fast/hermit] build#5 outs=/nix/store/4za0gqmiai5rlaic0dlvcajwsgs77c3c-nondet-demo nar=0wwlb5szq4v7q40366kxc20q2shcbh76v16askx1ha7prampksaj wall=2s
[n20-nondet-demo-fast/hermit] build#6 outs=/nix/store/4za0gqmiai5rlaic0dlvcajwsgs77c3c-nondet-demo nar=1l7h865j0qb3w82q51irw43lxw93rggz373ij6hmcdn9dcjx4pfn wall=1s
[n20-nondet-demo-fast/hermit] build#7 outs=/nix/store/4za0gqmiai5rlaic0dlvcajwsgs77c3c-nondet-demo nar=0wwlb5szq4v7q40366kxc20q2shcbh76v16askx1ha7prampksaj wall=1s
[n20-nondet-demo-fast/hermit] build#8 outs=/nix/store/4za0gqmiai5rlaic0dlvcajwsgs77c3c-nondet-demo nar=0wwlb5szq4v7q40366kxc20q2shcbh76v16askx1ha7prampksaj wall=1s
[n20-nondet-demo-fast/hermit] build#9 outs=/nix/store/4za0gqmiai5rlaic0dlvcajwsgs77c3c-nondet-demo nar=0wwlb5szq4v7q40366kxc20q2shcbh76v16askx1ha7prampksaj wall=1s
[n20-nondet-demo-fast/hermit] build#10 outs=/nix/store/4za0gqmiai5rlaic0dlvcajwsgs77c3c-nondet-demo nar=0wwlb5szq4v7q40366kxc20q2shcbh76v16askx1ha7prampksaj wall=2s
[n20-nondet-demo-fast/hermit] build#11 outs=/nix/store/4za0gqmiai5rlaic0dlvcajwsgs77c3c-nondet-demo nar=0wwlb5szq4v7q40366kxc20q2shcbh76v16askx1ha7prampksaj wall=1s
[n20-nondet-demo-fast/hermit] build#12 outs=/nix/store/4za0gqmiai5rlaic0dlvcajwsgs77c3c-nondet-demo nar=0wwlb5szq4v7q40366kxc20q2shcbh76v16askx1ha7prampksaj wall=1s
[n20-nondet-demo-fast/hermit] build#13 outs=/nix/store/4za0gqmiai5rlaic0dlvcajwsgs77c3c-nondet-demo nar=0wwlb5szq4v7q40366kxc20q2shcbh76v16askx1ha7prampksaj wall=1s
[n20-nondet-demo-fast/hermit] build#14 outs=/nix/store/4za0gqmiai5rlaic0dlvcajwsgs77c3c-nondet-demo nar=0wwlb5szq4v7q40366kxc20q2shcbh76v16askx1ha7prampksaj wall=1s
[n20-nondet-demo-fast/hermit] build#15 outs=/nix/store/4za0gqmiai5rlaic0dlvcajwsgs77c3c-nondet-demo nar=0wwlb5szq4v7q40366kxc20q2shcbh76v16askx1ha7prampksaj wall=1s
[n20-nondet-demo-fast/hermit] build#16 outs=/nix/store/4za0gqmiai5rlaic0dlvcajwsgs77c3c-nondet-demo nar=0wwlb5szq4v7q40366kxc20q2shcbh76v16askx1ha7prampksaj wall=1s
[n20-nondet-demo-fast/hermit] build#17 outs=/nix/store/4za0gqmiai5rlaic0dlvcajwsgs77c3c-nondet-demo nar=1l7h865j0qb3w82q51irw43lxw93rggz373ij6hmcdn9dcjx4pfn wall=1s
[n20-nondet-demo-fast/hermit] build#18 outs=/nix/store/4za0gqmiai5rlaic0dlvcajwsgs77c3c-nondet-demo nar=1l7h865j0qb3w82q51irw43lxw93rggz373ij6hmcdn9dcjx4pfn wall=1s
[n20-nondet-demo-fast/hermit] build#19 outs=/nix/store/4za0gqmiai5rlaic0dlvcajwsgs77c3c-nondet-demo nar=1l7h865j0qb3w82q51irw43lxw93rggz373ij6hmcdn9dcjx4pfn wall=1s
[n20-nondet-demo-fast/hermit] build#20 outs=/nix/store/4za0gqmiai5rlaic0dlvcajwsgs77c3c-nondet-demo nar=0wwlb5szq4v7q40366kxc20q2shcbh76v16askx1ha7prampksaj wall=1s
[n20-nondet-demo-fast/hermit] VERDICT: NONDETERMINISTIC (n=20 distinct=2)
n20-nondet-demo-fast,"(import ./nix/nondet-demo-fast.nix) {}",hermit,"run --tmp=/tmp --no-rcb-time --max-timeslice disabled",/nix/store/a9rdw63mxl57glmrpw2abkny0lbvas77-nondet-demo.drv,20,2,NONDETERMINISTIC,0wwlb5szq4v7q40366kxc20q2shcbh76v16askx1ha7prampksaj 1l7h865j0qb3w82q51irw43lxw93rggz373ij6hmcdn9dcjx4pfn 1l7h865j0qb3w82q51irw43lxw93rggz373ij6hmcdn9dcjx4pfn 0wwlb5szq4v7q40366kxc20q2shcbh76v16askx1ha7prampksaj 0wwlb5szq4v7q40366kxc20q2shcbh76v16askx1ha7prampksaj 1l7h865j0qb3w82q51irw43lxw93rggz373ij6hmcdn9dcjx4pfn 0wwlb5szq4v7q40366kxc20q2shcbh76v16askx1ha7prampksaj 0wwlb5szq4v7q40366kxc20q2shcbh76v16askx1ha7prampksaj 0wwlb5szq4v7q40366kxc20q2shcbh76v16askx1ha7prampksaj 0wwlb5szq4v7q40366kxc20q2shcbh76v16askx1ha7prampksaj 0wwlb5szq4v7q40366kxc20q2shcbh76v16askx1ha7prampksaj 0wwlb5szq4v7q40366kxc20q2shcbh76v16askx1ha7prampksaj 0wwlb5szq4v7q40366kxc20q2shcbh76v16askx1ha7prampksaj 0wwlb5szq4v7q40366kxc20q2shcbh76v16askx1ha7prampksaj 0wwlb5szq4v7q40366kxc20q2shcbh76v16askx1ha7prampksaj 0wwlb5szq4v7q40366kxc20q2shcbh76v16askx1ha7prampksaj 1l7h865j0qb3w82q51irw43lxw93rggz373ij6hmcdn9dcjx4pfn 1l7h865j0qb3w82q51irw43lxw93rggz373ij6hmcdn9dcjx4pfn 1l7h865j0qb3w82q51irw43lxw93rggz373ij6hmcdn9dcjx4pfn 0wwlb5szq4v7q40366kxc20q2shcbh76v16askx1ha7prampksaj,1 1 1 1 2 1 1 1 1 2 1 1 1 1 1 1 1 1 1 1,
[n20-nondet-seconds/native] drv=/nix/store/d5hjy2ka55hnrxn173fppg315l7q8cg4-nondet-seconds.drv
[n20-nondet-seconds/native] phase A: realising inputs (substitution allowed)
[n20-nondet-seconds/native] build#1 outs=/nix/store/p2b9prkrh32gxqp8ix2kx2knmmsckxv1-nondet-seconds nar=0z0qx4cyqdi8pwzzvv9yq7qz8xnk2mzjnk0ab1fyc5h912dp8yq8 wall=0s
[n20-nondet-seconds/native] build#2 outs=/nix/store/p2b9prkrh32gxqp8ix2kx2knmmsckxv1-nondet-seconds nar=18z1nrhksb6cy0yp5wacs0rfk7v0fhn8b5zr4h6y3hmwyj7z0sdm wall=1s
[n20-nondet-seconds/native] build#3 outs=/nix/store/p2b9prkrh32gxqp8ix2kx2knmmsckxv1-nondet-seconds nar=18z1nrhksb6cy0yp5wacs0rfk7v0fhn8b5zr4h6y3hmwyj7z0sdm wall=0s
[n20-nondet-seconds/native] build#4 outs=/nix/store/p2b9prkrh32gxqp8ix2kx2knmmsckxv1-nondet-seconds nar=1y39pdknxv29ln7isvxwcsw0c8wbwylk241gpb4mjm2akksihbzf wall=0s
[n20-nondet-seconds/native] build#5 outs=/nix/store/p2b9prkrh32gxqp8ix2kx2knmmsckxv1-nondet-seconds nar=1cci0mk9s64s6rwgq6mg631v8nziqnbi0d959jparadl29nqadwk wall=0s
[n20-nondet-seconds/native] build#6 outs=/nix/store/p2b9prkrh32gxqp8ix2kx2knmmsckxv1-nondet-seconds nar=1ibvz8l48z6p6g982lxpbdpkd3jy71maswqbyqzjf4f78i71a9yi wall=0s
[n20-nondet-seconds/native] build#7 outs=/nix/store/p2b9prkrh32gxqp8ix2kx2knmmsckxv1-nondet-seconds nar=03hvssabp0m07z2lh5cjnwkyyy07lr3cqpqsvb7s6hq90ys1flq4 wall=1s
[n20-nondet-seconds/native] build#8 outs=/nix/store/p2b9prkrh32gxqp8ix2kx2knmmsckxv1-nondet-seconds nar=03hvssabp0m07z2lh5cjnwkyyy07lr3cqpqsvb7s6hq90ys1flq4 wall=0s
[n20-nondet-seconds/native] build#9 outs=/nix/store/p2b9prkrh32gxqp8ix2kx2knmmsckxv1-nondet-seconds nar=0as1pdld6f0j4ysiycsp4h3n0kcj2d07cz53f5791imsjnvyhrhr wall=0s
[n20-nondet-seconds/native] build#10 outs=/nix/store/p2b9prkrh32gxqp8ix2kx2knmmsckxv1-nondet-seconds nar=1cs03svcziy51sdh0zcc6g7jn5idw7k0wpgg1rmdr2fvx8wj2shv wall=0s
[n20-nondet-seconds/native] build#11 outs=/nix/store/p2b9prkrh32gxqp8ix2kx2knmmsckxv1-nondet-seconds nar=01qzqmwbw82819gv3ik5fcfwx5rxm59n5w5xqsj4ni8wyw7p8sx5 wall=0s
[n20-nondet-seconds/native] build#12 outs=/nix/store/p2b9prkrh32gxqp8ix2kx2knmmsckxv1-nondet-seconds nar=1h6yk37w27j1kabvk2fz2i67afwqs0x8l7dld9438rvcc8x8fiy4 wall=0s
[n20-nondet-seconds/native] build#13 outs=/nix/store/p2b9prkrh32gxqp8ix2kx2knmmsckxv1-nondet-seconds nar=147jyld9zlj91c6a877g388bgfv548yprrji4msm6im9fykjbgrr wall=1s
[n20-nondet-seconds/native] build#14 outs=/nix/store/p2b9prkrh32gxqp8ix2kx2knmmsckxv1-nondet-seconds nar=147jyld9zlj91c6a877g388bgfv548yprrji4msm6im9fykjbgrr wall=0s
[n20-nondet-seconds/native] build#15 outs=/nix/store/p2b9prkrh32gxqp8ix2kx2knmmsckxv1-nondet-seconds nar=0fr8k6fcqvnk2b9g768gy0mgjp20icxsjf3ggrqzx98hh6i0x3cq wall=0s
[n20-nondet-seconds/native] build#16 outs=/nix/store/p2b9prkrh32gxqp8ix2kx2knmmsckxv1-nondet-seconds nar=1fa73jcq80d6vqjcrnrzc0mwlkma6jascb22cka1466j73vzgjrg wall=0s
[n20-nondet-seconds/native] build#17 outs=/nix/store/p2b9prkrh32gxqp8ix2kx2knmmsckxv1-nondet-seconds nar=1lyxhyw5hz723imcjlikil4845szhgyy4wswr6mby1gajld0ggax wall=0s
[n20-nondet-seconds/native] build#18 outs=/nix/store/p2b9prkrh32gxqp8ix2kx2knmmsckxv1-nondet-seconds nar=1y3lij81nkh73m95p0akjapwjgja3kh7gwmib885yi1b7rrlzj31 wall=0s
[n20-nondet-seconds/native] build#19 outs=/nix/store/p2b9prkrh32gxqp8ix2kx2knmmsckxv1-nondet-seconds nar=03b5gpf7id9j0zwrxyqz6fyw42zakw9mhc593bnsqccsxqwq6cwa wall=0s
[n20-nondet-seconds/native] build#20 outs=/nix/store/p2b9prkrh32gxqp8ix2kx2knmmsckxv1-nondet-seconds nar=03b5gpf7id9j0zwrxyqz6fyw42zakw9mhc593bnsqccsxqwq6cwa wall=1s
[n20-nondet-seconds/native] VERDICT: NONDETERMINISTIC (n=20 distinct=16)
n20-nondet-seconds,"(import ./nix/nondet-seconds.nix) {}",native,"native",/nix/store/d5hjy2ka55hnrxn173fppg315l7q8cg4-nondet-seconds.drv,20,16,NONDETERMINISTIC,0z0qx4cyqdi8pwzzvv9yq7qz8xnk2mzjnk0ab1fyc5h912dp8yq8 18z1nrhksb6cy0yp5wacs0rfk7v0fhn8b5zr4h6y3hmwyj7z0sdm 18z1nrhksb6cy0yp5wacs0rfk7v0fhn8b5zr4h6y3hmwyj7z0sdm 1y39pdknxv29ln7isvxwcsw0c8wbwylk241gpb4mjm2akksihbzf 1cci0mk9s64s6rwgq6mg631v8nziqnbi0d959jparadl29nqadwk 1ibvz8l48z6p6g982lxpbdpkd3jy71maswqbyqzjf4f78i71a9yi 03hvssabp0m07z2lh5cjnwkyyy07lr3cqpqsvb7s6hq90ys1flq4 03hvssabp0m07z2lh5cjnwkyyy07lr3cqpqsvb7s6hq90ys1flq4 0as1pdld6f0j4ysiycsp4h3n0kcj2d07cz53f5791imsjnvyhrhr 1cs03svcziy51sdh0zcc6g7jn5idw7k0wpgg1rmdr2fvx8wj2shv 01qzqmwbw82819gv3ik5fcfwx5rxm59n5w5xqsj4ni8wyw7p8sx5 1h6yk37w27j1kabvk2fz2i67afwqs0x8l7dld9438rvcc8x8fiy4 147jyld9zlj91c6a877g388bgfv548yprrji4msm6im9fykjbgrr 147jyld9zlj91c6a877g388bgfv548yprrji4msm6im9fykjbgrr 0fr8k6fcqvnk2b9g768gy0mgjp20icxsjf3ggrqzx98hh6i0x3cq 1fa73jcq80d6vqjcrnrzc0mwlkma6jascb22cka1466j73vzgjrg 1lyxhyw5hz723imcjlikil4845szhgyy4wswr6mby1gajld0ggax 1y3lij81nkh73m95p0akjapwjgja3kh7gwmib885yi1b7rrlzj31 03b5gpf7id9j0zwrxyqz6fyw42zakw9mhc593bnsqccsxqwq6cwa 03b5gpf7id9j0zwrxyqz6fyw42zakw9mhc593bnsqccsxqwq6cwa,0 1 0 0 0 0 1 0 0 0 0 0 1 0 0 0 0 0 0 1,
[n20-nondet-seconds/hermit] drv=/nix/store/2szz2b050n9z07aqjcqf90g06jv7dwsl-nondet-seconds.drv
[n20-nondet-seconds/hermit] phase A: realising inputs (substitution allowed)
[n20-nondet-seconds/hermit] build#1 outs=/nix/store/6s0s7rmvdiv7bwbwj451j40qxg3n68yi-nondet-seconds nar=1hbrb115920np9f6i7ys5932grg4vz0gihll711pvzciq4rivm97 wall=1s
[n20-nondet-seconds/hermit] build#2 outs=/nix/store/6s0s7rmvdiv7bwbwj451j40qxg3n68yi-nondet-seconds nar=1hbrb115920np9f6i7ys5932grg4vz0gihll711pvzciq4rivm97 wall=1s
[n20-nondet-seconds/hermit] build#3 outs=/nix/store/6s0s7rmvdiv7bwbwj451j40qxg3n68yi-nondet-seconds nar=1hbrb115920np9f6i7ys5932grg4vz0gihll711pvzciq4rivm97 wall=1s
[n20-nondet-seconds/hermit] build#4 outs=/nix/store/6s0s7rmvdiv7bwbwj451j40qxg3n68yi-nondet-seconds nar=1hbrb115920np9f6i7ys5932grg4vz0gihll711pvzciq4rivm97 wall=1s
[n20-nondet-seconds/hermit] build#5 outs=/nix/store/6s0s7rmvdiv7bwbwj451j40qxg3n68yi-nondet-seconds nar=1hbrb115920np9f6i7ys5932grg4vz0gihll711pvzciq4rivm97 wall=1s
[n20-nondet-seconds/hermit] build#6 outs=/nix/store/6s0s7rmvdiv7bwbwj451j40qxg3n68yi-nondet-seconds nar=1hbrb115920np9f6i7ys5932grg4vz0gihll711pvzciq4rivm97 wall=1s
[n20-nondet-seconds/hermit] build#7 outs=/nix/store/6s0s7rmvdiv7bwbwj451j40qxg3n68yi-nondet-seconds nar=1hbrb115920np9f6i7ys5932grg4vz0gihll711pvzciq4rivm97 wall=1s
[n20-nondet-seconds/hermit] build#8 outs=/nix/store/6s0s7rmvdiv7bwbwj451j40qxg3n68yi-nondet-seconds nar=1hbrb115920np9f6i7ys5932grg4vz0gihll711pvzciq4rivm97 wall=2s
[n20-nondet-seconds/hermit] build#9 outs=/nix/store/6s0s7rmvdiv7bwbwj451j40qxg3n68yi-nondet-seconds nar=1hbrb115920np9f6i7ys5932grg4vz0gihll711pvzciq4rivm97 wall=1s
[n20-nondet-seconds/hermit] build#10 outs=/nix/store/6s0s7rmvdiv7bwbwj451j40qxg3n68yi-nondet-seconds nar=1hbrb115920np9f6i7ys5932grg4vz0gihll711pvzciq4rivm97 wall=1s
[n20-nondet-seconds/hermit] build#11 outs=/nix/store/6s0s7rmvdiv7bwbwj451j40qxg3n68yi-nondet-seconds nar=1hbrb115920np9f6i7ys5932grg4vz0gihll711pvzciq4rivm97 wall=1s
[n20-nondet-seconds/hermit] build#12 outs=/nix/store/6s0s7rmvdiv7bwbwj451j40qxg3n68yi-nondet-seconds nar=1hbrb115920np9f6i7ys5932grg4vz0gihll711pvzciq4rivm97 wall=1s
[n20-nondet-seconds/hermit] build#13 outs=/nix/store/6s0s7rmvdiv7bwbwj451j40qxg3n68yi-nondet-seconds nar=1hbrb115920np9f6i7ys5932grg4vz0gihll711pvzciq4rivm97 wall=1s
[n20-nondet-seconds/hermit] build#14 outs=/nix/store/6s0s7rmvdiv7bwbwj451j40qxg3n68yi-nondet-seconds nar=1hbrb115920np9f6i7ys5932grg4vz0gihll711pvzciq4rivm97 wall=1s
[n20-nondet-seconds/hermit] build#15 outs=/nix/store/6s0s7rmvdiv7bwbwj451j40qxg3n68yi-nondet-seconds nar=1hbrb115920np9f6i7ys5932grg4vz0gihll711pvzciq4rivm97 wall=2s
[n20-nondet-seconds/hermit] build#16 outs=/nix/store/6s0s7rmvdiv7bwbwj451j40qxg3n68yi-nondet-seconds nar=1hbrb115920np9f6i7ys5932grg4vz0gihll711pvzciq4rivm97 wall=1s
[n20-nondet-seconds/hermit] build#17 outs=/nix/store/6s0s7rmvdiv7bwbwj451j40qxg3n68yi-nondet-seconds nar=1hbrb115920np9f6i7ys5932grg4vz0gihll711pvzciq4rivm97 wall=1s
[n20-nondet-seconds/hermit] build#18 outs=/nix/store/6s0s7rmvdiv7bwbwj451j40qxg3n68yi-nondet-seconds nar=1hbrb115920np9f6i7ys5932grg4vz0gihll711pvzciq4rivm97 wall=1s
[n20-nondet-seconds/hermit] build#19 outs=/nix/store/6s0s7rmvdiv7bwbwj451j40qxg3n68yi-nondet-seconds nar=1hbrb115920np9f6i7ys5932grg4vz0gihll711pvzciq4rivm97 wall=1s
[n20-nondet-seconds/hermit] build#20 outs=/nix/store/6s0s7rmvdiv7bwbwj451j40qxg3n68yi-nondet-seconds nar=1hbrb115920np9f6i7ys5932grg4vz0gihll711pvzciq4rivm97 wall=1s
[n20-nondet-seconds/hermit] VERDICT: reproducible (n=20 distinct=1)
n20-nondet-seconds,"(import ./nix/nondet-seconds.nix) {}",hermit,"run --tmp=/tmp --no-rcb-time --max-timeslice disabled",/nix/store/2szz2b050n9z07aqjcqf90g06jv7dwsl-nondet-seconds.drv,20,1,reproducible,1hbrb115920np9f6i7ys5932grg4vz0gihll711pvzciq4rivm97 1hbrb115920np9f6i7ys5932grg4vz0gihll711pvzciq4rivm97 1hbrb115920np9f6i7ys5932grg4vz0gihll711pvzciq4rivm97 1hbrb115920np9f6i7ys5932grg4vz0gihll711pvzciq4rivm97 1hbrb115920np9f6i7ys5932grg4vz0gihll711pvzciq4rivm97 1hbrb115920np9f6i7ys5932grg4vz0gihll711pvzciq4rivm97 1hbrb115920np9f6i7ys5932grg4vz0gihll711pvzciq4rivm97 1hbrb115920np9f6i7ys5932grg4vz0gihll711pvzciq4rivm97 1hbrb115920np9f6i7ys5932grg4vz0gihll711pvzciq4rivm97 1hbrb115920np9f6i7ys5932grg4vz0gihll711pvzciq4rivm97 1hbrb115920np9f6i7ys5932grg4vz0gihll711pvzciq4rivm97 1hbrb115920np9f6i7ys5932grg4vz0gihll711pvzciq4rivm97 1hbrb115920np9f6i7ys5932grg4vz0gihll711pvzciq4rivm97 1hbrb115920np9f6i7ys5932grg4vz0gihll711pvzciq4rivm97 1hbrb115920np9f6i7ys5932grg4vz0gihll711pvzciq4rivm97 1hbrb115920np9f6i7ys5932grg4vz0gihll711pvzciq4rivm97 1hbrb115920np9f6i7ys5932grg4vz0gihll711pvzciq4rivm97 1hbrb115920np9f6i7ys5932grg4vz0gihll711pvzciq4rivm97 1hbrb115920np9f6i7ys5932grg4vz0gihll711pvzciq4rivm97 1hbrb115920np9f6i7ys5932grg4vz0gihll711pvzciq4rivm97,1 1 1 1 1 1 1 2 1 1 1 1 1 1 2 1 1 1 1 1,
[n20-nondet-demo/hermit] build#1 FAILED (rc=0)
    2026-08-07T03:10:46.353079Z ERROR reverie_ptrace::task: ARCH_GET_CPUID reported a valid state, but ARCH_SET_CPUID returned ENODEV. The kernel exposes CPUID state without hardware faulting support. On AMD hosts, use Linux 6.17+ upstream or a kernel with CPUID faulting backported; continuing without CPUID interception initial_state=1
    2026-08-07T03:10:46.362088Z ERROR reverie_ptrace::perf: PMU validation failed; RCB timers may be unreliable error=AmdSpecLockMapShouldBeDisabled
    2026-08-07T03:10:46.364781Z ERROR reverie_ptrace::task: ARCH_GET_CPUID reported a valid state, but ARCH_SET_CPUID returned ENODEV. The kernel exposes CPUID state without hardware faulting support. On AMD hosts, use Linux 6.17+ upstream or a kernel with CPUID faulting backported; continuing without CPUID interception initial_state=1
    2026-08-07T03:10:46.376057Z ERROR reverie_ptrace::perf: PMU validation failed; RCB timers may be unreliable error=AmdSpecLockMapShouldBeDisabled
    2026-08-07T03:10:46.380592Z ERROR reverie_ptrace::task: ARCH_GET_CPUID reported a valid state, but ARCH_SET_CPUID returned ENODEV. The kernel exposes CPUID state without hardware faulting support. On AMD hosts, use Linux 6.17+ upstream or a kernel with CPUID faulting backported; continuing without CPUID interception initial_state=1
    installPhase completed in 6 minutes 1 seconds
    Running phase: fixupPhase
    2026-08-07T03:10:46.388947Z ERROR reverie_ptrace::perf: PMU validation failed; RCB timers may be unreliable error=AmdSpecLockMapShouldBeDisabled
    2026-08-07T03:10:46.397570Z ERROR reverie_ptrace::perf: PMU validation failed; RCB timers may be unreliable error=AmdSpecLockMapShouldBeDisabled
    2026-08-07T03:10:46.402556Z ERROR reverie_ptrace::task: ARCH_GET_CPUID reported a valid state, but ARCH_SET_CPUID returned ENODEV. The kernel exposes CPUID state without hardware faulting support. On AMD hosts, use Linux 6.17+ upstream or a kernel with CPUID faulting backported; continuing without CPUID interception initial_state=1
    2026-08-07T03:10:46.410114Z ERROR reverie_ptrace::perf: PMU validation failed; RCB timers may be unreliable error=AmdSpecLockMapShouldBeDisabled
    2026-08-07T03:10:46.413968Z ERROR reverie_ptrace::perf: PMU validation failed; RCB timers may be unreliable error=AmdSpecLockMapShouldBeDisabled
    2026-08-07T03:10:46.416665Z ERROR reverie_ptrace::task: ARCH_GET_CPUID reported a valid state, but ARCH_SET_CPUID returned ENODEV. The kernel exposes CPUID state without hardware faulting support. On AMD hosts, use Linux 6.17+ upstream or a kernel with CPUID faulting backported; continuing without CPUID interception initial_state=1
    2026-08-07T03:10:46.433247Z ERROR reverie_ptrace::perf: PMU validation failed; RCB timers may be unreliable error=AmdSpecLockMapShouldBeDisabled
    2026-08-07T03:10:46.436714Z ERROR reverie_ptrace::perf: PMU validation failed; RCB timers may be unreliable error=AmdSpecLockMapShouldBeDisabled
    2026-08-07T03:10:46.440301Z ERROR reverie_ptrace::perf: PMU validation failed; RCB timers may be unreliable error=AmdSpecLockMapShouldBeDisabled
    2026-08-07T03:10:46.444054Z ERROR reverie_ptrace::perf: PMU validation failed; RCB timers may be unreliable error=AmdSpecLockMapShouldBeDisabled
    2026-08-07T03:10:46.447483Z ERROR reverie_ptrace::perf: PMU validation failed; RCB timers may be unreliable error=AmdSpecLockMapShouldBeDisabled
    2026-08-07T03:10:46.450920Z ERROR reverie_ptrace::perf: PMU validation failed; RCB timers may be unreliable error=AmdSpecLockMapShouldBeDisabled
    2026-08-07T03:10:46.456462Z ERROR reverie_ptrace::perf: PMU validation failed; RCB timers may be unreliable error=AmdSpecLockMapShouldBeDisabled
    2026-08-07T03:10:46.459849Z ERROR reverie_ptrace::perf: PMU validation failed; RCB timers may be unreliable error=AmdSpecLockMapShouldBeDisabled
    shrinking RPATHs of ELF executables and libraries in /nix/store/f7sgwlzd67kqlw7g4f6lvkydwsa44zzs-nondet-demo
    2026-08-07T03:10:46.480862Z ERROR reverie_ptrace::perf: PMU validation failed; RCB timers may be unreliable error=AmdSpecLockMapShouldBeDisabled
    2026-08-07T03:10:46.484522Z ERROR reverie_ptrace::task: ARCH_GET_CPUID reported a valid state, but ARCH_SET_CPUID returned ENODEV. The kernel exposes CPUID state without hardware faulting support. On AMD hosts, use Linux 6.17+ upstream or a kernel with CPUID faulting backported; continuing without CPUID interception initial_state=1
    error: interrupted by the user
n20-nondet-demo,"(import ./nix/nondet-demo.nix) {}",hermit,"run --tmp=/tmp --no-rcb-time --max-timeslice disabled",/nix/store/b4cvcnw2v20iib6i5x0iis53286rsyw3-nondet-demo.drv,0,,build-fail,,,build1-failed
[n20-urandom/native] drv=/nix/store/6syh327jhywxgpp4cmvs0w2gibsnvjwq-urandom-temp-names.drv
[n20-urandom/native] phase A: realising inputs (substitution allowed)
[n20-urandom/native] build#1 outs=/nix/store/g5b3i32qc1ic033y8hjdxjbfvmxdplcj-urandom-temp-names nar=1q4jgilgr7m3qx65815lj8xmgaxim4aakmyy8py62gxdwsiaizwv wall=0s
[n20-urandom/native] build#2 outs=/nix/store/g5b3i32qc1ic033y8hjdxjbfvmxdplcj-urandom-temp-names nar=1ivickfkw5j49gp2g1yhg0dhvclpyqrbikxpa0sm94yr0fpg853r wall=1s
[n20-urandom/native] build#3 outs=/nix/store/g5b3i32qc1ic033y8hjdxjbfvmxdplcj-urandom-temp-names nar=12jw9d2wx8l7kxvc9r3js7adiydp32i95zrqxvvm528qvgrd55jd wall=0s
[n20-urandom/native] build#4 outs=/nix/store/g5b3i32qc1ic033y8hjdxjbfvmxdplcj-urandom-temp-names nar=09w2hwxpvq02n87i1qr2xf53g86qz9kc0p5vfk8qdh4mdd6csfx7 wall=0s
[n20-urandom/native] build#5 outs=/nix/store/g5b3i32qc1ic033y8hjdxjbfvmxdplcj-urandom-temp-names nar=144h0izyp436222apj4ccrf64d6968dpdg8sf49yv5xi4r8s861c wall=0s
[n20-urandom/native] build#6 outs=/nix/store/g5b3i32qc1ic033y8hjdxjbfvmxdplcj-urandom-temp-names nar=1z456z3wa56159kbwsg9hgnj609qn4i4yz1hkzjksz7z50q4l94y wall=0s
[n20-urandom/native] build#7 outs=/nix/store/g5b3i32qc1ic033y8hjdxjbfvmxdplcj-urandom-temp-names nar=1hb2avck15g2awxg2g5ssmhkjsa63yg018yw5rfvdw15iwb4rsy1 wall=1s
[n20-urandom/native] build#8 outs=/nix/store/g5b3i32qc1ic033y8hjdxjbfvmxdplcj-urandom-temp-names nar=03lk5ykrmaqhbbim2qk6znx60p0x90w6zw7g04i6fw81pyp41l4a wall=0s
[n20-urandom/native] build#9 outs=/nix/store/g5b3i32qc1ic033y8hjdxjbfvmxdplcj-urandom-temp-names nar=0mivjzr7y6hk07cw7ykmjrxahcx2cwcnmjyrmx2h9shxyy8r1yhj wall=0s
[n20-urandom/native] build#10 outs=/nix/store/g5b3i32qc1ic033y8hjdxjbfvmxdplcj-urandom-temp-names nar=13kc8qk5n4njp82vymlkyjxk8xy2j4yhm0vjgfw1arqiqapric9c wall=0s
[n20-urandom/native] build#11 outs=/nix/store/g5b3i32qc1ic033y8hjdxjbfvmxdplcj-urandom-temp-names nar=1xd3khzmh8mdpykkva49l7dbhkf23xp1gsrdk2pmpahs8ili0rys wall=0s
[n20-urandom/native] build#12 outs=/nix/store/g5b3i32qc1ic033y8hjdxjbfvmxdplcj-urandom-temp-names nar=03r90j1wqglkcc1x061npv0gmr5awanv27cw5xbf9a8gsnsbsbbz wall=0s
[n20-urandom/native] build#13 outs=/nix/store/g5b3i32qc1ic033y8hjdxjbfvmxdplcj-urandom-temp-names nar=1msc8y715gyzxaak8jlhm9zdk0nz6hgvzczs62jxgza7vck70ppj wall=0s
[n20-urandom/native] build#14 outs=/nix/store/g5b3i32qc1ic033y8hjdxjbfvmxdplcj-urandom-temp-names nar=04z3jcbpq2cyyzkzqxj12acyi77m62p7nba07814db9xmqqimxx7 wall=0s
[n20-urandom/native] build#15 outs=/nix/store/g5b3i32qc1ic033y8hjdxjbfvmxdplcj-urandom-temp-names nar=0r6y7wbaa8rzfq28k1mna0g543w8d3g2aq0s5k7n8xzgmx5bnww4 wall=0s
[n20-urandom/native] build#16 outs=/nix/store/g5b3i32qc1ic033y8hjdxjbfvmxdplcj-urandom-temp-names nar=0kix2x24fxwcxlf6rjibnxpcrmkr0blzjqrzgyxvw2dc0wpxxkjb wall=0s
[n20-urandom/native] build#17 outs=/nix/store/g5b3i32qc1ic033y8hjdxjbfvmxdplcj-urandom-temp-names nar=0lvy5cmbcrgxrkd2ws4gky433hzwx3hhbbj3ibsvgpbm7rw39bpp wall=0s
[n20-urandom/native] build#18 outs=/nix/store/g5b3i32qc1ic033y8hjdxjbfvmxdplcj-urandom-temp-names nar=1907gii9n0y6v2gl0wb28yld17khpw83cylgnqgli3fyim404hhd wall=0s
[n20-urandom/native] build#19 outs=/nix/store/g5b3i32qc1ic033y8hjdxjbfvmxdplcj-urandom-temp-names nar=0gq2215xl9rznw27z5d2ykvb8q5hdizwzm518vqx8vwnc84lmyyr wall=0s
[n20-urandom/native] build#20 outs=/nix/store/g5b3i32qc1ic033y8hjdxjbfvmxdplcj-urandom-temp-names nar=0fx2kcx6amidx257619146xg8ck543wizpih9cjswby653029147 wall=0s
[n20-urandom/native] VERDICT: NONDETERMINISTIC (n=20 distinct=20)
n20-urandom,"(import ./nix/real-candidates.nix {}).urandom-temp-names",native,"native",/nix/store/6syh327jhywxgpp4cmvs0w2gibsnvjwq-urandom-temp-names.drv,20,20,NONDETERMINISTIC,1q4jgilgr7m3qx65815lj8xmgaxim4aakmyy8py62gxdwsiaizwv 1ivickfkw5j49gp2g1yhg0dhvclpyqrbikxpa0sm94yr0fpg853r 12jw9d2wx8l7kxvc9r3js7adiydp32i95zrqxvvm528qvgrd55jd 09w2hwxpvq02n87i1qr2xf53g86qz9kc0p5vfk8qdh4mdd6csfx7 144h0izyp436222apj4ccrf64d6968dpdg8sf49yv5xi4r8s861c 1z456z3wa56159kbwsg9hgnj609qn4i4yz1hkzjksz7z50q4l94y 1hb2avck15g2awxg2g5ssmhkjsa63yg018yw5rfvdw15iwb4rsy1 03lk5ykrmaqhbbim2qk6znx60p0x90w6zw7g04i6fw81pyp41l4a 0mivjzr7y6hk07cw7ykmjrxahcx2cwcnmjyrmx2h9shxyy8r1yhj 13kc8qk5n4njp82vymlkyjxk8xy2j4yhm0vjgfw1arqiqapric9c 1xd3khzmh8mdpykkva49l7dbhkf23xp1gsrdk2pmpahs8ili0rys 03r90j1wqglkcc1x061npv0gmr5awanv27cw5xbf9a8gsnsbsbbz 1msc8y715gyzxaak8jlhm9zdk0nz6hgvzczs62jxgza7vck70ppj 04z3jcbpq2cyyzkzqxj12acyi77m62p7nba07814db9xmqqimxx7 0r6y7wbaa8rzfq28k1mna0g543w8d3g2aq0s5k7n8xzgmx5bnww4 0kix2x24fxwcxlf6rjibnxpcrmkr0blzjqrzgyxvw2dc0wpxxkjb 0lvy5cmbcrgxrkd2ws4gky433hzwx3hhbbj3ibsvgpbm7rw39bpp 1907gii9n0y6v2gl0wb28yld17khpw83cylgnqgli3fyim404hhd 0gq2215xl9rznw27z5d2ykvb8q5hdizwzm518vqx8vwnc84lmyyr 0fx2kcx6amidx257619146xg8ck543wizpih9cjswby653029147,0 1 0 0 0 0 1 0 0 0 0 0 0 0 0 0 0 0 0 0,
[n20-urandom/hermit] drv=/nix/store/d9b2gdlvi3pfzal1bpk6iih6g6qlfsmv-urandom-temp-names.drv
[n20-urandom/hermit] phase A: realising inputs (substitution allowed)
[n20-urandom/hermit] build#1 outs=/nix/store/hxvv7nw859sk6dv2ixrxlnr2dq92w3xa-urandom-temp-names nar=0wx7gxi6m9b34i9z8p0r9dpj4bhqpnk2fa34n47wiz2jkmrvi3dv wall=1s
[n20-urandom/hermit] build#2 outs=/nix/store/hxvv7nw859sk6dv2ixrxlnr2dq92w3xa-urandom-temp-names nar=0wx7gxi6m9b34i9z8p0r9dpj4bhqpnk2fa34n47wiz2jkmrvi3dv wall=1s
[n20-urandom/hermit] build#3 outs=/nix/store/hxvv7nw859sk6dv2ixrxlnr2dq92w3xa-urandom-temp-names nar=0wx7gxi6m9b34i9z8p0r9dpj4bhqpnk2fa34n47wiz2jkmrvi3dv wall=1s
[n20-urandom/hermit] build#4 outs=/nix/store/hxvv7nw859sk6dv2ixrxlnr2dq92w3xa-urandom-temp-names nar=0wx7gxi6m9b34i9z8p0r9dpj4bhqpnk2fa34n47wiz2jkmrvi3dv wall=1s
[n20-urandom/hermit] build#5 outs=/nix/store/hxvv7nw859sk6dv2ixrxlnr2dq92w3xa-urandom-temp-names nar=0wx7gxi6m9b34i9z8p0r9dpj4bhqpnk2fa34n47wiz2jkmrvi3dv wall=1s
[n20-urandom/hermit] build#6 outs=/nix/store/hxvv7nw859sk6dv2ixrxlnr2dq92w3xa-urandom-temp-names nar=0wx7gxi6m9b34i9z8p0r9dpj4bhqpnk2fa34n47wiz2jkmrvi3dv wall=1s
[n20-urandom/hermit] build#7 outs=/nix/store/hxvv7nw859sk6dv2ixrxlnr2dq92w3xa-urandom-temp-names nar=0wx7gxi6m9b34i9z8p0r9dpj4bhqpnk2fa34n47wiz2jkmrvi3dv wall=1s
[n20-urandom/hermit] build#8 outs=/nix/store/hxvv7nw859sk6dv2ixrxlnr2dq92w3xa-urandom-temp-names nar=0wx7gxi6m9b34i9z8p0r9dpj4bhqpnk2fa34n47wiz2jkmrvi3dv wall=2s
[n20-urandom/hermit] build#9 outs=/nix/store/hxvv7nw859sk6dv2ixrxlnr2dq92w3xa-urandom-temp-names nar=0wx7gxi6m9b34i9z8p0r9dpj4bhqpnk2fa34n47wiz2jkmrvi3dv wall=1s
[n20-urandom/hermit] build#10 outs=/nix/store/hxvv7nw859sk6dv2ixrxlnr2dq92w3xa-urandom-temp-names nar=0wx7gxi6m9b34i9z8p0r9dpj4bhqpnk2fa34n47wiz2jkmrvi3dv wall=1s
[n20-urandom/hermit] build#11 outs=/nix/store/hxvv7nw859sk6dv2ixrxlnr2dq92w3xa-urandom-temp-names nar=0wx7gxi6m9b34i9z8p0r9dpj4bhqpnk2fa34n47wiz2jkmrvi3dv wall=1s
[n20-urandom/hermit] build#12 outs=/nix/store/hxvv7nw859sk6dv2ixrxlnr2dq92w3xa-urandom-temp-names nar=0wx7gxi6m9b34i9z8p0r9dpj4bhqpnk2fa34n47wiz2jkmrvi3dv wall=2s
[n20-urandom/hermit] build#13 outs=/nix/store/hxvv7nw859sk6dv2ixrxlnr2dq92w3xa-urandom-temp-names nar=0wx7gxi6m9b34i9z8p0r9dpj4bhqpnk2fa34n47wiz2jkmrvi3dv wall=1s
[n20-urandom/hermit] build#14 outs=/nix/store/hxvv7nw859sk6dv2ixrxlnr2dq92w3xa-urandom-temp-names nar=0wx7gxi6m9b34i9z8p0r9dpj4bhqpnk2fa34n47wiz2jkmrvi3dv wall=1s
[n20-urandom/hermit] build#15 outs=/nix/store/hxvv7nw859sk6dv2ixrxlnr2dq92w3xa-urandom-temp-names nar=0wx7gxi6m9b34i9z8p0r9dpj4bhqpnk2fa34n47wiz2jkmrvi3dv wall=1s
[n20-urandom/hermit] build#16 outs=/nix/store/hxvv7nw859sk6dv2ixrxlnr2dq92w3xa-urandom-temp-names nar=0wx7gxi6m9b34i9z8p0r9dpj4bhqpnk2fa34n47wiz2jkmrvi3dv wall=1s
[n20-urandom/hermit] build#17 outs=/nix/store/hxvv7nw859sk6dv2ixrxlnr2dq92w3xa-urandom-temp-names nar=0wx7gxi6m9b34i9z8p0r9dpj4bhqpnk2fa34n47wiz2jkmrvi3dv wall=2s
[n20-urandom/hermit] build#18 outs=/nix/store/hxvv7nw859sk6dv2ixrxlnr2dq92w3xa-urandom-temp-names nar=0wx7gxi6m9b34i9z8p0r9dpj4bhqpnk2fa34n47wiz2jkmrvi3dv wall=1s
[n20-urandom/hermit] build#19 outs=/nix/store/hxvv7nw859sk6dv2ixrxlnr2dq92w3xa-urandom-temp-names nar=0wx7gxi6m9b34i9z8p0r9dpj4bhqpnk2fa34n47wiz2jkmrvi3dv wall=1s
[n20-urandom/hermit] build#20 outs=/nix/store/hxvv7nw859sk6dv2ixrxlnr2dq92w3xa-urandom-temp-names nar=0wx7gxi6m9b34i9z8p0r9dpj4bhqpnk2fa34n47wiz2jkmrvi3dv wall=1s
[n20-urandom/hermit] VERDICT: reproducible (n=20 distinct=1)
n20-urandom,"(import ./nix/real-candidates.nix {}).urandom-temp-names",hermit,"run --tmp=/tmp --no-rcb-time --max-timeslice disabled",/nix/store/d9b2gdlvi3pfzal1bpk6iih6g6qlfsmv-urandom-temp-names.drv,20,1,reproducible,0wx7gxi6m9b34i9z8p0r9dpj4bhqpnk2fa34n47wiz2jkmrvi3dv 0wx7gxi6m9b34i9z8p0r9dpj4bhqpnk2fa34n47wiz2jkmrvi3dv 0wx7gxi6m9b34i9z8p0r9dpj4bhqpnk2fa34n47wiz2jkmrvi3dv 0wx7gxi6m9b34i9z8p0r9dpj4bhqpnk2fa34n47wiz2jkmrvi3dv 0wx7gxi6m9b34i9z8p0r9dpj4bhqpnk2fa34n47wiz2jkmrvi3dv 0wx7gxi6m9b34i9z8p0r9dpj4bhqpnk2fa34n47wiz2jkmrvi3dv 0wx7gxi6m9b34i9z8p0r9dpj4bhqpnk2fa34n47wiz2jkmrvi3dv 0wx7gxi6m9b34i9z8p0r9dpj4bhqpnk2fa34n47wiz2jkmrvi3dv 0wx7gxi6m9b34i9z8p0r9dpj4bhqpnk2fa34n47wiz2jkmrvi3dv 0wx7gxi6m9b34i9z8p0r9dpj4bhqpnk2fa34n47wiz2jkmrvi3dv 0wx7gxi6m9b34i9z8p0r9dpj4bhqpnk2fa34n47wiz2jkmrvi3dv 0wx7gxi6m9b34i9z8p0r9dpj4bhqpnk2fa34n47wiz2jkmrvi3dv 0wx7gxi6m9b34i9z8p0r9dpj4bhqpnk2fa34n47wiz2jkmrvi3dv 0wx7gxi6m9b34i9z8p0r9dpj4bhqpnk2fa34n47wiz2jkmrvi3dv 0wx7gxi6m9b34i9z8p0r9dpj4bhqpnk2fa34n47wiz2jkmrvi3dv 0wx7gxi6m9b34i9z8p0r9dpj4bhqpnk2fa34n47wiz2jkmrvi3dv 0wx7gxi6m9b34i9z8p0r9dpj4bhqpnk2fa34n47wiz2jkmrvi3dv 0wx7gxi6m9b34i9z8p0r9dpj4bhqpnk2fa34n47wiz2jkmrvi3dv 0wx7gxi6m9b34i9z8p0r9dpj4bhqpnk2fa34n47wiz2jkmrvi3dv 0wx7gxi6m9b34i9z8p0r9dpj4bhqpnk2fa34n47wiz2jkmrvi3dv,1 1 1 1 1 1 1 2 1 1 1 2 1 1 1 1 2 1 1 1,
