9:C 31 Dec 2025 16:00:00.024 # oO0OoO0OoO0Oo Redis is starting oO0OoO0OoO0Oo
9:C 31 Dec 2025 16:00:00.024 # Redis version=6.2.22, bits=64, commit=00000000, modified=0, pid=9, just started
9:C 31 Dec 2025 16:00:00.025 # Configuration loaded
9:M 31 Dec 2025 16:00:00.032 # Server initialized
9:M 31 Dec 2025 16:00:00.033 # WARNING Memory overcommit must be enabled! Without it, a background save or replication may fail under low memory condition. Being disabled, it can can also cause failures without low memory condition, see https://github.com/jemalloc/jemalloc/issues/1328. To fix this issue add 'vm.overcommit_memory = 1' to /etc/sysctl.conf and then reboot or run the command 'sysctl vm.overcommit_memory=1' for this to take effect.
ready after 1 poll(s)
set:   OK
get:   hello
incr1: 1
incr2: 2
incr3: 42
final: 42
--- pipeline ---
All data transferred. Waiting for the last reply...
Last reply received from server.
errors: 0, replies: 6
pipe.a: 2
pipe.b: 2XY
pipe.c: 3
dbsize: 5
9:M 31 Dec 2025 16:00:02.118 # User requested shutdown...
9:M 31 Dec 2025 16:00:02.119 # Redis is now ready to exit, bye bye...
done
