:: Run1...
:: Run2...
:: Comparing logs... /tmp/run1_log_b13O2 and /tmp/run2_log_Rnfik
Logs contain 66 | 66 messages total
Logs contain 64 | 64 detcore-specific messages
Logs contain 66 | 66 INFO messages
Logs contain 54 | 54 DETLOG & scheduler COMMIT messages
Canonicalizing host addresses (ordinal by first appearance); comparing everything else exactly...
  Comparing INFO messages...

(INFO) Mismatch at log messages 49 (run 1) and 49 (run 2): [1mDiff[0m [31m< left[0m / [32mright >[0m :
[31m<"INFO detcore: DETLOG [syscall][detcore, dtid 3] finish syscall #19: lseek(3, 0, SEEK_END) = Ok([0m[1;48;5;52;31m1[0m[31m)"[0m
[32m>"INFO detcore: DETLOG [syscall][detcore, dtid 3] finish syscall #19: lseek(3, 0, SEEK_END) = Ok([0m[1;48;5;22;32m2[0m[32m)"[0m
(INFO) Original entries before normalization: [1mDiff[0m [31m< left[0m / [32mright >[0m :
[31m<"INFO detcore: DETLOG [syscall][detcore, dtid 3] finish syscall #19: lseek(3, 0, SEEK_END) = Ok([0m[1;48;5;52;31m1[0m[31m)"[0m
[32m>"INFO detcore: DETLOG [syscall][detcore, dtid 3] finish syscall #19: lseek(3, 0, SEEK_END) = Ok([0m[1;48;5;22;32m2[0m[32m)"[0m
Divergent syscall context:
  run 1, log message 49: INFO detcore: DETLOG [syscall][detcore, dtid 3] finish syscall #19: lseek(3, 0, SEEK_END) = Ok(1)
  run 2, log message 49: INFO detcore: DETLOG [syscall][detcore, dtid 3] finish syscall #19: lseek(3, 0, SEEK_END) = Ok(2)
  Prior completed syscalls for run 1:
    INFO detcore: DETLOG [syscall][detcore, dtid 3] finish syscall #14: brk(0x4e6d80) = Ok(5139840)
    INFO detcore: DETLOG [syscall][detcore, dtid 3] finish syscall #15: brk(0x4e7000) = Ok(5140480)
    INFO detcore: DETLOG [syscall][detcore, dtid 3] finish syscall #16: mprotect(0x4b9000, 16384, ProtFlags(PROT_READ)) = Ok(0)
    INFO detcore: DETLOG [syscall][detcore, dtid 3] finish syscall #17: openat(-100, 0x490010 -> "/tmp/w2state_mut_exit", OFlag(O_APPEND | O_CREAT | O_RDWR), Mode(S_IRUSR | S_IWUSR | S_IRGRP | S_IROTH)) = Ok(3)
    INFO detcore: DETLOG [syscall][detcore, dtid 3] finish syscall #18: write(3, 0x490031, 1) = Ok(1)
  Prior completed syscalls for run 2:
    INFO detcore: DETLOG [syscall][detcore, dtid 3] finish syscall #14: brk(0x4e6d80) = Ok(5139840)
    INFO detcore: DETLOG [syscall][detcore, dtid 3] finish syscall #15: brk(0x4e7000) = Ok(5140480)
    INFO detcore: DETLOG [syscall][detcore, dtid 3] finish syscall #16: mprotect(0x4b9000, 16384, ProtFlags(PROT_READ)) = Ok(0)
    INFO detcore: DETLOG [syscall][detcore, dtid 3] finish syscall #17: openat(-100, 0x490010 -> "/tmp/w2state_mut_exit", OFlag(O_APPEND | O_CREAT | O_RDWR), Mode(S_IRUSR | S_IWUSR | S_IRGRP | S_IROTH)) = Ok(3)
    INFO detcore: DETLOG [syscall][detcore, dtid 3] finish syscall #18: write(3, 0x490031, 1) = Ok(1)

(INFO) Mismatch at log messages 57 (run 1) and 57 (run 2): [1mDiff[0m [31m< left[0m / [32mright >[0m :
[31m<"INFO detcore: DETLOG [syscall][detcore, dtid 3] inbound syscall: exit_group([0m[1;48;5;52;31m1[0m[31m) = ?"[0m
[32m>"INFO detcore: DETLOG [syscall][detcore, dtid 3] inbound syscall: exit_group([0m[1;48;5;22;32m2[0m[32m) = ?"[0m
(INFO) Original entries before normalization: [1mDiff[0m [31m< left[0m / [32mright >[0m :
[31m<"INFO detcore: DETLOG [syscall][detcore, dtid 3] inbound syscall: exit_group([0m[1;48;5;52;31m1[0m[31m) = ?"[0m
[32m>"INFO detcore: DETLOG [syscall][detcore, dtid 3] inbound syscall: exit_group([0m[1;48;5;22;32m2[0m[32m) = ?"[0m
Divergent syscall context:
  run 1, log message 57: INFO detcore: DETLOG [syscall][detcore, dtid 3] inbound syscall: exit_group(1) = ?
  run 2, log message 57: INFO detcore: DETLOG [syscall][detcore, dtid 3] inbound syscall: exit_group(2) = ?
  Prior completed syscalls for run 1:
    INFO detcore: DETLOG [syscall][detcore, dtid 3] finish syscall #18: write(3, 0x490031, 1) = Ok(1)
    INFO detcore: DETLOG [syscall][detcore, dtid 3] finish syscall #19: lseek(3, 0, SEEK_END) = Ok(1)
    INFO detcore: DETLOG [syscall][detcore, dtid 3] finish syscall #20: close(3) = Ok(0)
    INFO detcore: DETLOG [syscall][detcore, dtid 3] finish syscall #21: fstat(1, 0x7fffffffea20) = Ok(0)
    INFO detcore: DETLOG [syscall][detcore, dtid 3] finish syscall #22: write(1, 0x4c68e0, 16) = Ok(16)
  Prior completed syscalls for run 2:
    INFO detcore: DETLOG [syscall][detcore, dtid 3] finish syscall #18: write(3, 0x490031, 1) = Ok(1)
    INFO detcore: DETLOG [syscall][detcore, dtid 3] finish syscall #19: lseek(3, 0, SEEK_END) = Ok(2)
    INFO detcore: DETLOG [syscall][detcore, dtid 3] finish syscall #20: close(3) = Ok(0)
    INFO detcore: DETLOG [syscall][detcore, dtid 3] finish syscall #21: fstat(1, 0x7fffffffea20) = Ok(0)
    INFO detcore: DETLOG [syscall][detcore, dtid 3] finish syscall #22: write(1, 0x4c68e0, 16) = Ok(16)

Done processing logs, differences found.
:: Log differences found between runs.
:: Respective Logs retained for further inspection: /tmp/run1_log_b13O2 /tmp/run2_log_Rnfik
Mismatch in exit status between run 1 and run 2: [1mDiff[0m [31m< left[0m / [32mright >[0m :
 Exited(
[31m<    [0m[1;48;5;52;31m1[0m[31m,[0m
[32m>    [0m[1;48;5;22;32m2[0m[32m,[0m
 )

:: Failure: nondeterministic.
Error: Mismatch between run 1 and run 2 outputs (logs retained).
