WARNING: /usr/local/bin/qemu-system-x86_64 looks like a hardware emulator (VMM). Hermit's host-time virtualization exposes mutually inconsistent clock sources (a synthetic RDTSC versus a virtualized clock_gettime) to the emulated guest, which can corrupt its clock calibration (for example "Unable to calibrate against PIT", TSC marked unstable, or "No current clocksource") and stall boot. If the nested guest misbehaves, either disable Hermit's virtual clock with --no-virtualize-time --no-virtualize-metadata, or make the emulator use a single instruction-derived clock (for QEMU: -icount shift=0,sleep=off). See docs/QEMU_BOOT.md.
2026-07-27T17:12:13.182238Z  WARN detcore: [dtid 3] cpuid leaf 0x8000000 not in deterministic table; returning zero result
qemu-system-x86_64: warning: Machine type 'pc-i440fx-rhel7.6.0' is deprecated: machines from the previous RHEL major release are subject to deletion in the next RHEL major release
qemu-system-x86_64: warning: CPU model qemu64-x86_64-cpu is deprecated -- use at least 'Nehalem' / 'Opteron_G4', or 'host' / 'max'
c[?7l[2J[0mSeaBIOS (version 1.16.3-5.el9)


iPXE (http://ipxe.org) 00:03.0 CA00 PCI2.10 PnP PMM+0EFCCB30+0EF0CB30 CA00
Press Ctrl-B to configure iPXE (PCI 00:03.0)...                                                                               


Booting from ROM...
Probing EDD (edd=off to disable)... oc[?7l[2J2026-07-27T17:12:26.447123Z ERROR detcore: prehook: PMU RCB overshoot! Clock_value: 5475117381. Stepped forward 199996893 RCBs, but should have trapped at 199996893
2026-07-27T17:12:27.145871Z ERROR detcore: prehook: PMU RCB overshoot! Clock_value: 5675117381. Stepped forward 200000000 RCBs, but should have trapped at 200000000
[    0.000000] Linux version 6.17.13-0_fbk0_crackerjackhost_0_g2b4321c50d79 (root@8799-0fd3-0004-0000.twshared50661.04.nha2.tw.fbinfra.net) (clang version 19.1.7 (CentOS 19.1.7-1.el9), LLD 19.1.7) #1 SMP Thu Dec 18 12:27:13 PST 2025
[    0.000000] Command line: console=ttyS0 panic=1
[    0.000000] KERNEL supported cpus:
[    0.000000]   Intel GenuineIntel
[    0.000000]   AMD AuthenticAMD
[    0.000000] BIOS-provided physical RAM map:
[    0.000000] BIOS-e820: [mem 0x0000000000000000-0x000000000009fbff] usable
[    0.000000] BIOS-e820: [mem 0x000000000009fc00-0x000000000009ffff] reserved
[    0.000000] BIOS-e820: [mem 0x00000000000f0000-0x00000000000fffff] reserved
[    0.000000] BIOS-e820: [mem 0x0000000000100000-0x000000000ffdffff] usable
[    0.000000] BIOS-e820: [mem 0x000000000ffe0000-0x000000000fffffff] reserved
[    0.000000] BIOS-e820: [mem 0x00000000fffc0000-0x00000000ffffffff] reserved
[    0.000000] NX (Execute Disable) protection: active
[    0.000000] APIC: Static calls initialized
[    0.000000] SMBIOS 2.8 present.
[    0.000000] DMI: Red Hat KVM, BIOS 1.16.3-5.el9 11/05/2023
[    0.000000] DMI: Memory slots populated: 1/1
[    0.000000] tsc: Fast TSC calibration using PIT
[    0.000000] tsc: Detected 1000.012 MHz processor
[    0.005062] last_pfn = 0xffe0 max_arch_pfn = 0x400000000
[    0.005068] MTRR map: 4 entries (3 fixed + 1 variable; max 19), built from 8 variable MTRRs
[    0.005073] x86/PAT: Configuration [0-7]: WB  WC  UC- UC  WB  WP  UC- WT  
[    0.006216] RAMDISK: [mem 0x0ffdf000-0x0ffdffff]
[    0.006220] ACPI: Early table checksum verification disabled
[    0.006224] ACPI: RSDP 0x00000000000F5290 000014 (v00 BOCHS )
[    0.006232] ACPI: RSDT 0x000000000FFE227E 000030 (v01 BOCHS  BXPC     00000001 BXPC 00000001)
[    0.006243] ACPI: FACP 0x000000000FFE216A 000074 (v01 BOCHS  BXPC     00000001 BXPC 00000001)
[    0.006256] ACPI: DSDT 0x000000000FFE0040 00212A (v01 BOCHS  BXPC     00000001 BXPC 00000001)
[    0.006267] ACPI: FACS 0x000000000FFE0000 000040
[    0.006275] ACPI: APIC 0x000000000FFE21DE 000078 (v03 BOCHS  BXPC     00000001 BXPC 00000001)
[    0.006286] ACPI: WAET 0x000000000FFE2256 000028 (v01 BOCHS  BXPC     00000001 BXPC 00000001)
[    0.006297] ACPI: Reserving FACP table memory at [mem 0xffe216a-0xffe21dd]
[    0.006301] ACPI: Reserving DSDT table memory at [mem 0xffe0040-0xffe2169]
[    0.006305] ACPI: Reserving FACS table memory at [mem 0xffe0000-0xffe003f]
[    0.006310] ACPI: Reserving APIC table memory at [mem 0xffe21de-0xffe2255]
[    0.006314] ACPI: Reserving WAET table memory at [mem 0xffe2256-0xffe227d]
[    0.006352] No NUMA configuration found
[    0.006354] Faking a node at [mem 0x0000000000000000-0x000000000ffdffff]
[    0.006360] NODE_DATA(0) allocated [mem 0x0ffdc500-0x0ffdefff]
[    0.006403] Zone ranges:
[    0.006405]   DMA      [mem 0x0000000000001000-0x0000000000ffffff]
[    0.006410]   DMA32    [mem 0x0000000001000000-0x000000000ffdffff]
[    0.006415]   Normal   empty
[    0.006418]   Device   empty
[    0.006421] Movable zone start for each node
[    0.006423] Early memory node ranges
[    0.006425]   node   0: [mem 0x0000000000001000-0x000000000009efff]
[    0.006429]   node   0: [mem 0x0000000000100000-0x000000000ffdffff]
[    0.006434] Initmem setup node 0 [mem 0x0000000000001000-0x000000000ffdffff]
[    0.006447] On node 0, zone DMA: 1 pages in unavailable ranges
[    0.006582] On node 0, zone DMA: 97 pages in unavailable ranges
[    0.008626] On node 0, zone DMA32: 32 pages in unavailable ranges
[    0.008634] ACPI: PM-Timer IO Port: 0x608
[    0.008644] ACPI: LAPIC_NMI (acpi_id[0xff] dfl dfl lint[0x1])
[    0.008650] IOAPIC[0]: apic_id 0, version 32, address 0xfec00000, GSI 0-23
[    0.008657] ACPI: INT_SRC_OVR (bus 0 bus_irq 0 global_irq 2 dfl dfl)
[    0.008662] ACPI: INT_SRC_OVR (bus 0 bus_irq 5 global_irq 5 high level)
[    0.008667] ACPI: INT_SRC_OVR (bus 0 bus_irq 9 global_irq 9 high level)
[    0.008672] ACPI: INT_SRC_OVR (bus 0 bus_irq 10 global_irq 10 high level)
[    0.008677] ACPI: INT_SRC_OVR (bus 0 bus_irq 11 global_irq 11 high level)
[    0.008688] ACPI: Using ACPI (MADT) for SMP configuration information
[    0.008722] CPU topo: Max. logical packages:   1
[    0.008725] CPU topo: Max. logical dies:       1
[    0.008727] CPU topo: Max. dies per package:   1
[    0.008761] CPU topo: Max. threads per core:   1
[    0.008764] CPU topo: Num. cores per package:     1
[    0.008766] CPU topo: Num. threads per package:   1
[    0.008769] CPU topo: Allowing 1 present CPUs plus 0 hotplug CPUs
[    0.008789] [mem 0x10000000-0xfffbffff] available for PCI devices
[    0.008792] Booting paravirtualized kernel on bare hardware
[    0.008795] clocksource: refined-jiffies: mask: 0xffffffff max_cycles: 0xffffffff, max_idle_ns: 1910969940391419 ns
[    0.037221] Load bootconfig: 23 bytes 3 nodes
[    0.037236] setup_percpu: NR_CPUS:512 nr_cpumask_bits:1 nr_cpu_ids:1 nr_node_ids:1
[    0.037723] percpu: Embedded 79 pages/cpu s286720 r8192 d28672 u2097152
[    0.037795] Kernel command line: csdlock_debug=1 console=ttyS0 panic=1
[    0.037847] printk: log buffer data + meta data: 2097152 + 7340032 = 9437184 bytes
[    0.037903] Dentry cache hash table entries: 32768 (order: 6, 262144 bytes, linear)
[    0.037935] Inode-cache hash table entries: 16384 (order: 5, 131072 bytes, linear)
[    0.037964] Fallback order for Node 0: 0 
[    0.037969] Built 1 zonelists, mobility grouping on.  Total pages: 65406
[    0.037973] Policy zone: DMA32
[    0.038397] mem auto-init: stack:off, heap alloc:off, heap free:off
[    0.039708] SLUB: HWalign=64, Order=0-3, MinObjects=0, CPUs=1, Nodes=1
[    0.042166] ftrace: allocating 58796 entries in 232 pages
[    0.042170] ftrace: allocated 232 pages with 4 groups
[    0.042300] rcu: Hierarchical RCU implementation.
[    0.042302] rcu: 	RCU restricting CPUs from NR_CPUS=512 to nr_cpu_ids=1.
[    0.042306] 	Rude variant of Tasks RCU enabled.
[    0.042308] 	Tracing variant of Tasks RCU enabled.
[    0.042309] rcu: RCU calculated value of scheduler-enlistment delay is 100 jiffies.
[    0.042312] rcu: Adjusting geometry for rcu_fanout_leaf=16, nr_cpu_ids=1
[    0.042322] RCU Tasks Rude: Setting shift to 0 and lim to 1 rcu_task_cb_adjust=1 rcu_task_cpu_ids=1.
[    0.042327] RCU Tasks Trace: Setting shift to 0 and lim to 1 rcu_task_cb_adjust=1 rcu_task_cpu_ids=1.
[    0.070827] NR_IRQS: 33024, nr_irqs: 256, preallocated irqs: 16
[    0.071081] rcu: srcu_init: Setting srcu_struct sizes based on contention.
[    0.071250] kfence: initialized - using 2097152 bytes for 255 objects at 0x(____ptrval____)-0x(____ptrval____)
[    0.071314] Console: colour VGA+ 80x25
[    0.071323] printk: legacy console [ttyS0] enabled
[    0.072230] ACPI: Core revision 20250404
[    0.072286] APIC: Switch to symmetric I/O mode setup
[    0.072501] ..TIMER: vector=0x30 apic1=0 pin1=2 apic2=-1 pin2=-1
[    0.077288] clocksource: tsc-early: mask: 0xffffffffffffffff max_cycles: 0xe6a2269eac, max_idle_ns: 440795236700 ns
[    0.077311] Calibrating delay loop (skipped), value calculated using timer frequency.. 2000.02 BogoMIPS (lpj=1000012)
[    0.077347] Last level iTLB entries: 4KB 0, 2MB 0, 4MB 0
[    0.077359] Last level dTLB entries: 4KB 0, 2MB 0, 4MB 0, 1GB 0
[    0.077376] mitigations: Enabled attack vectors: user_kernel, user_user, guest_host, guest_guest, SMT mitigations: auto
[    0.077407] Speculative Store Bypass: Vulnerable
[    0.077418] Spectre V2 : Mitigation: Retpolines
[    0.077428] Spectre V1 : Mitigation: usercopy/swapgs barriers and __user pointer sanitization
[    0.077444] Spectre V2 : Spectre v2 / SpectreRSB: Filling RSB on context switch and VMEXIT
[    0.077461] x86/fpu: x87 FPU will use FXSAVE
[    0.134272] Freeing SMP alternatives memory: 60K
[    0.134288] pid_max: default: 32768 minimum: 301
[    0.134339] LSM: initializing lsm=capability,bpf,ima
[    0.134723] LSM support for eBPF active
[    0.134789] Mount-cache hash table entries: 512 (order: 0, 4096 bytes, linear)
[    0.134807] Mountpoint-cache hash table entries: 512 (order: 0, 4096 bytes, linear)
[    0.237266] smpboot: CPU0: AMD QEMU Virtual CPU version 2.5+ (family: 0x6, model: 0x6, stepping: 0x3)
[    0.237309] Performance Events: PMU not available due to virtualization, using software events only.
[    0.237309] signal: max sigframe size: 1440
[    0.237309] rcu: Hierarchical SRCU implementation.
[    0.237309] rcu: 	Max phase no-delay instances is 400.
[    0.237888] NMI watchdog: Perf NMI watchdog permanently disabled
[    0.237963] smp: Bringing up secondary CPUs ...
[    0.237976] smp: Brought up 1 node, 1 CPU
[    0.237987] smpboot: Total of 1 processors activated (2000.02 BogoMIPS)
[    0.238060] Memory: 188544K/261624K available (20273K kernel code, 9610K rwdata, 15088K rodata, 2512K init, 6488K bss, 69328K reserved, 0K cma-reserved)
[    0.238232] devtmpfs: initialized
[    0.238307] x86/mm: Memory block size: 128MB
[    0.238986] clocksource: jiffies: mask: 0xffffffff max_cycles: 0xffffffff, max_idle_ns: 1911260446275000 ns
[    0.239009] posixtimers hash table entries: 512 (order: 1, 8192 bytes, linear)
[    0.239031] futex hash table entries: 256 (16384 bytes on 1 NUMA nodes, total 16 KiB, linear).
[    0.240933] NET: Registered PF_NETLINK/PF_ROUTE protocol family
[    0.241197] DMA: preallocated 128 KiB GFP_KERNEL pool for atomic allocations
[    0.241216] DMA: preallocated 128 KiB GFP_KERNEL|GFP_DMA pool for atomic allocations
[    0.241235] DMA: preallocated 128 KiB GFP_KERNEL|GFP_DMA32 pool for atomic allocations
[    0.241265] audit: initializing netlink subsys (disabled)
[    0.241505] thermal_sys: Registered thermal governor 'step_wise'
[    0.241509] thermal_sys: Registered thermal governor 'user_space'
[    0.241530] audit: type=2000 audit(1640995263.169:1): state=initialized audit_enabled=0 res=1
[    0.241562] cpuidle: using governor menu
[    0.241750] dca service started, version 1.12.1
[    0.241769] PCI: Using configuration type 1 for base access
[    0.242030] kprobes: kprobe jump-optimization is enabled. All kprobes are optimized if possible.
[    0.385403] HugeTLB: registered 2.00 MiB page size, pre-allocated 0 pages
[    0.385416] HugeTLB: 28 KiB vmemmap can be freed for a 2.00 MiB page
[    0.407326] raid6: sse2x4   gen()  1287 MB/s
[    0.424326] raid6: sse2x2   gen()  1365 MB/s
[    0.441315] raid6: sse2x1   gen()  1135 MB/s
[    0.441325] raid6: using algorithm sse2x2 gen() 1365 MB/s
[    0.458314] raid6: .... xor() 838 MB/s, rmw enabled
[    0.458325] raid6: using intx1 recovery algorithm
[    0.458396] ACPI: Added _OSI(Module Device)
[    0.458406] ACPI: Added _OSI(Processor Device)
[    0.458417] ACPI: Added _OSI(Processor Aggregator Device)
[    0.461479] ACPI: 1 ACPI AML tables successfully acquired and loaded
[    0.539557] ACPI: Interpreter enabled
[    0.539573] ACPI: PM: (supports S0 S5)
[    0.539582] ACPI: Using IOAPIC for interrupt routing
[    0.539610] PCI: Using host bridge windows from ACPI; if necessary, use "pci=nocrs" and report a bug
[    0.539627] PCI: Ignoring E820 reservations for host bridge windows
[    0.539871] ACPI: Enabled 2 GPEs in block 00 to 0F
[    0.546186] ACPI: PCI Root Bridge [PCI0] (domain 0000 [bus 00-ff])
[    0.546206] acpi PNP0A03:00: _OSC: OS supports [ASPM ClockPM Segments MSI EDR HPX-Type3]
[    0.546225] acpi PNP0A03:00: _OSC: not requesting OS control; OS requires [ExtendedConfig ASPM ClockPM MSI]
[    0.546262] acpi PNP0A03:00: fail to add MMCONFIG information, can't access extended configuration space under this bridge
[    0.546596] PCI host bridge to bus 0000:00
[    0.546611] pci_bus 0000:00: root bus resource [io  0x0000-0x0cf7 window]
[    0.546627] pci_bus 0000:00: root bus resource [io  0x0d00-0xffff window]
[    0.546644] pci_bus 0000:00: root bus resource [mem 0x000a0000-0x000bffff window]
[    0.546661] pci_bus 0000:00: root bus resource [mem 0x10000000-0xfebfffff window]
[    0.546679] pci_bus 0000:00: root bus resource [mem 0x100000000-0x17fffffff window]
[    0.546697] pci_bus 0000:00: root bus resource [bus 00-ff]
[    0.546736] pci 0000:00:00.0: [8086:1237] type 00 class 0x060000 conventional PCI endpoint
[    0.546876] pci 0000:00:01.0: [8086:7000] type 00 class 0x060100 conventional PCI endpoint
[    0.547029] pci 0000:00:01.1: [8086:7010] type 00 class 0x010180 conventional PCI endpoint
[    0.547055] pci 0000:00:01.1: BAR 4 [io  0xc040-0xc04f]
[    0.547070] pci 0000:00:01.1: BAR 0 [io  0x01f0-0x01f7]: legacy IDE quirk
[    0.547086] pci 0000:00:01.1: BAR 1 [io  0x03f6]: legacy IDE quirk
[    0.547101] pci 0000:00:01.1: BAR 2 [io  0x0170-0x0177]: legacy IDE quirk
[    0.547117] pci 0000:00:01.1: BAR 3 [io  0x0376]: legacy IDE quirk
[    0.548544] pci 0000:00:01.3: [8086:7113] type 00 class 0x068000 conventional PCI endpoint
[    0.548576] pci 0000:00:01.3: quirk: [io  0x0600-0x063f] claimed by PIIX4 ACPI
[    0.548594] pci 0000:00:01.3: quirk: [io  0x0700-0x070f] claimed by PIIX4 SMB
[    0.548724] pci 0000:00:02.0: [1234:1111] type 00 class 0x030000 conventional PCI endpoint
[    0.548749] pci 0000:00:02.0: BAR 0 [mem 0xfd000000-0xfdffffff pref]
[    0.548766] pci 0000:00:02.0: BAR 2 [mem 0xfebf0000-0xfebf0fff]
[    0.548782] pci 0000:00:02.0: ROM [mem 0xfebe0000-0xfebeffff pref]
[    0.548808] pci 0000:00:02.0: Video device with shadowed ROM at [mem 0x000c0000-0x000dffff]
[    0.548934] pci 0000:00:03.0: [8086:100e] type 00 class 0x020000 conventional PCI endpoint
[    0.548960] pci 0000:00:03.0: BAR 0 [mem 0xfebc0000-0xfebdffff]
[    0.548975] pci 0000:00:03.0: BAR 1 [io  0xc000-0xc03f]
[    0.548991] pci 0000:00:03.0: ROM [mem 0xfeb80000-0xfebbffff pref]
[    0.550835] ACPI: PCI: Interrupt link LNKA configured for IRQ 10
[    0.550973] ACPI: PCI: Interrupt link LNKB configured for IRQ 10
[    0.551112] ACPI: PCI: Interrupt link LNKC configured for IRQ 11
[    0.551251] ACPI: PCI: Interrupt link LNKD configured for IRQ 11
[    0.551325] ACPI: PCI: Interrupt link LNKS configured for IRQ 9
[    0.560879] iommu: Default domain type: Translated
[    0.560890] iommu: DMA domain TLB invalidation policy: lazy mode
[    0.561147] SCSI subsystem initialized
[    0.561225] ACPI: bus type USB registered
[    0.561273] usbcore: registered new interface driver usbfs
[    0.561303] usbcore: registered new interface driver hub
[    0.561330] usbcore: registered new device driver usb
[    0.561375] pps_core: LinuxPPS API ver. 1 registered
[    0.561385] pps_core: Software ver. 5.3.6 - Copyright 2005-2007 Rodolfo Giometti <giometti@linux.it>
[    0.561407] PTP clock support registered
[    0.562484] EDAC MC: Ver: 3.0.0
[    0.563160] PCI: Using ACPI for IRQ routing
[    0.565127] clocksource: Switched to clocksource tsc-early
[    0.565307] VFS: Disk quotas dquot_6.6.0
[    0.565307] VFS: Dquot-cache hash table entries: 512 (order 0, 4096 bytes)
[    0.565307] pnp: PnP ACPI init
[    0.565307] pnp: PnP ACPI: found 5 devices
[    0.577059] clocksource: acpi_pm: mask: 0xffffff max_cycles: 0xffffff, max_idle_ns: 2085701024 ns
[    0.577249] NET: Registered PF_INET protocol family
[    0.577345] IP idents hash table entries: 4096 (order: 3, 32768 bytes, linear)
[    0.716609] tcp_listen_portaddr_hash hash table entries: 256 (order: 0, 4096 bytes, linear)
[    0.716630] Table-perturb hash table entries: 65536 (order: 6, 262144 bytes, linear)
[    0.716652] TCP established hash table entries: 2048 (order: 2, 16384 bytes, linear)
[    0.716685] TCP bind hash table entries: 2048 (order: 4, 65536 bytes, linear)
[    0.716727] TCP: Hash tables configured (established 2048 bind 2048)
[    0.716798] MPTCP token hash table entries: 256 (order: 1, 6144 bytes, linear)
[    0.716829] UDP hash table entries: 256 (order: 2, 16384 bytes, linear)
[    0.716856] UDP-Lite hash table entries: 256 (order: 2, 16384 bytes, linear)
[    0.716947] NET: Registered PF_UNIX/PF_LOCAL protocol family
[    0.716967] NET: Registered PF_XDP protocol family
[    0.716986] pci_bus 0000:00: resource 4 [io  0x0000-0x0cf7 window]
[    0.717002] pci_bus 0000:00: resource 5 [io  0x0d00-0xffff window]
[    0.717018] pci_bus 0000:00: resource 6 [mem 0x000a0000-0x000bffff window]
[    0.717035] pci_bus 0000:00: resource 7 [mem 0x10000000-0xfebfffff window]
[    0.717053] pci_bus 0000:00: resource 8 [mem 0x100000000-0x17fffffff window]
[    0.717150] pci 0000:00:01.0: PIIX3: Enabling Passive Release
[    0.717164] pci 0000:00:00.0: Limiting direct PCI/PCI transfers
[    0.717218] PCI: CLS 0 bytes, default 64
[    0.717438] Trying to unpack rootfs image as initramfs...
[    0.717605] Freeing initrd memory: 4K
[    1.117637] Initialise system trusted keyrings
[    1.117713] workingset: timestamp_bits=43 max_order=16 bucket_order=0
[    1.118173] fuse: init (API version 7.44)
[    1.118549] SGI XFS with ACLs, security attributes, realtime, quota, no debug enabled
[    1.121270] cryptd: max_cpu_qlen set to 1000
[    1.217602] NET: Registered PF_ALG protocol family
[    1.217629] xor: measuring software checksum speed
[    1.218488]    prefetch64-sse  :  3860 MB/sec
[    1.219453]    generic_sse     :  3438 MB/sec
[    1.219463] xor: using function: prefetch64-sse (3860 MB/sec)
[    1.219476] Key type asymmetric registered
[    1.219486] Asymmetric key parser 'x509' registered
[    1.219513] Block layer SCSI generic (bsg) driver version 0.4 loaded (major 245)
[    1.219644] io scheduler mq-deadline registered
[    1.219655] io scheduler kyber registered
[    1.219729] Memory allocation profiling is not supported!
[    1.220049] ioatdma: Intel(R) QuickData Technology Driver 5.00
[    1.220166] Serial: 8250/16550 driver, 16 ports, IRQ sharing enabled
[    1.220304] 00:03: ttyS0 at I/O 0x3f8 (irq = 4, base_baud = 115200) is a 16550A
[    1.224026] brd: module loaded
[    1.224673] wireguard: WireGuard 1.0.0 loaded. See www.wireguard.com for information.
[    1.224687] wireguard: Copyright (C) 2015-2019 Jason A. Donenfeld <Jason@zx2c4.com>. All Rights Reserved.
[    1.225049] igb: Intel(R) Gigabit Ethernet Network Driver
[    1.225060] igb: Copyright (c) 2007-2014 Intel Corporation.
[    1.225098] ixgbe: Intel(R) 10 Gigabit PCI Express Network Driver
[    1.225110] ixgbe: Copyright (c) 1999-2016 Intel Corporation.
[    1.225480] usbcore: registered new interface driver ark3116
[    1.225501] usbserial: USB Serial support registered for ark3116
[    1.225529] usbcore: registered new interface driver pl2303
[    1.225550] usbserial: USB Serial support registered for pl2303
[    1.225631] i8042: PNP: PS/2 Controller [PNP0303:KBD,PNP0f13:MOU] at 0x60,0x64 irq 1,12
[    1.225849] serio: i8042 KBD port at 0x60,0x64 irq 1
[    1.225864] serio: i8042 AUX port at 0x60,0x64 irq 12
[    1.225920] rtc_cmos 00:04: RTC can wake from S4
[    1.226130] input: AT Translated Set 2 keyboard as /devices/platform/i8042/serio0/input/input0
[    1.226386] rtc_cmos 00:04: registered as rtc0
[    1.226402] rtc_cmos 00:04: setting system clock to 2022-01-01T00:02:23 UTC (1640995343)
[    1.226445] rtc_cmos 00:04: alarms up to one day, y3k, 242 bytes nvram
[    1.226474] i2c_dev: i2c /dev entries driver
[    1.226638] device-mapper: core: CONFIG_IMA_DISABLE_HTABLE is disabled. Duplicate IMA measurements will not be recorded in the IMA log.
[    1.226729] device-mapper: ioctl: 4.50.0-ioctl (2025-04-28) initialised: dm-devel@lists.linux.dev
[    1.226749] amd_pstate: the _CPC object is not present in SBIOS or ACPI disabled
[    1.227077] usbcore: registered new interface driver usbhid
[    1.227088] usbhid: USB HID core driver
[    1.227328] Initializing XFRM netlink socket
[    1.227359] NET: Registered PF_INET6 protocol family
[    1.227824] Segment Routing with IPv6
[    1.227868] In-situ OAM (IOAM) with IPv6
[    1.227915] NET: Registered PF_PACKET protocol family
[    1.228016] Key type dns_resolver registered
[    1.228087] NET: Registered PF_VSOCK protocol family
[    1.228327] IPI shorthand broadcast: enabled
[    1.237324] sched_clock: Marking stable (1236001581, 1224229)->(1238948937, -1723127)
[    1.237510] registered taskstats version 1
[    1.238028] Loading compiled-in X.509 certificates
[    1.242584] Loaded X.509 cert 'Build time autogenerated kernel key: f6dfbbfd890fcc62dc7a9694aa194ccefbcceb25'
[    1.242688] Loaded X.509 cert 'Facebook, Inc.: 5a72a683c8fca25b0231d7422a1ed5a038ff5fd9'
[    1.253337] Demotion targets for Node 0: null
[    1.254669] Btrfs loaded, zoned=no, fsverity=yes
[    1.254795] ima: No TPM chip found, activating TPM-bypass!
[    1.254808] ima: Allocated hash algorithm: sha256
[    1.254838] ima: No architecture policies found
[    1.255405] netconsole: network logging started
[    1.284680] clk: Disabling unused clocks
[    1.295347] Freeing unused decrypted memory: 2036K
[    1.297026] Freeing unused kernel image (initmem) memory: 2512K
[    1.297272] Write protecting the kernel read-only data: 36864k
[    1.298215] Freeing unused kernel image (text/rodata gap) memory: 204K
[    1.299032] Freeing unused kernel image (rodata/data gap) memory: 1296K
[    1.299043] Run /init as init process
SHARED_FUTEX_QEMU_KERNEL_OK release=6.17.13-0_fbk0_crackerjackhost_0_g2b4321c50d79 machine=x86_64
[    1.299346] ACPI: PM: Preparing to enter system sleep state S5
[    1.299367] reboot: Power down
2026-07-27T17:12:45.781794Z ERROR detcore: prehook: PMU RCB overshoot! Clock_value: 12077542950. Stepped forward 199997446 RCBs, but should have trapped at 199997446
2026-07-27T17:12:46.288465Z ERROR detcore: prehook: PMU RCB overshoot! Clock_value: 12277542950. Stepped forward 200000000 RCBs, but should have trapped at 200000000
2026-07-27T17:12:46.790289Z ERROR detcore: prehook: PMU RCB overshoot! Clock_value: 12477542450. Stepped forward 199999457 RCBs, but should have trapped at 199999457
2026-07-27T17:12:47.291394Z ERROR detcore: prehook: PMU RCB overshoot! Clock_value: 12677542450. Stepped forward 200000000 RCBs, but should have trapped at 200000000
2026-07-27T17:12:47.800050Z ERROR detcore: prehook: PMU RCB overshoot! Clock_value: 12877541950. Stepped forward 199999429 RCBs, but should have trapped at 199999429
2026-07-27T17:12:48.306505Z ERROR detcore: prehook: PMU RCB overshoot! Clock_value: 13077541950. Stepped forward 200000000 RCBs, but should have trapped at 200000000
