2026-07-28T04:19:15.035331Z TRACE syscall.intercept{tid=3 syscall=rt_sigaction args=SyscallArgs { arg0: 34, arg1: 140737488334064, arg2: 0, arg3: 8, arg4: 0, arg5: 272 }}: detcore: prehook [dtid 3] Updating rcbs and checking time remaining.
2026-07-28T04:19:15.035338Z  INFO syscall.intercept{tid=3 syscall=rt_sigaction args=SyscallArgs { arg0: 34, arg1: 140737488334064, arg2: 0, arg3: 8, arg4: 0, arg5: 272 }}: detcore: DETLOG [syscall][detcore, dtid 3] inbound syscall: rt_sigaction(34, 0x7fffffffacf0, NULL, 8) = ?
2026-07-28T04:19:15.035343Z TRACE syscall.intercept{tid=3 syscall=rt_sigaction args=SyscallArgs { arg0: 34, arg1: 140737488334064, arg2: 0, arg3: 8, arg4: 0, arg5: 272 }}: detcore_model::time: [detcore] added syscall cost of 250ns to logical time, yielding: DetTime { syscalls: 17, syscall_nanos: Some(335250), rcbs: 57214, nondet_instrs: 21, extra_nanos: 0, starting_micros: 1767225600000000, multiplier: 1.0 }
2026-07-28T04:19:15.035382Z DEBUG syscall.intercept{tid=3 syscall=rt_sigaction args=SyscallArgs { arg0: 34, arg1: 140737488334064, arg2: 0, arg3: 8, arg4: 0, arg5: 272 }}: reverie_ptrace::task: [tool] (tid 3) beginning inject of syscall: rt_sigaction, args SyscallArgs { arg0: 34, arg1: 140737488334064, arg2: 0, arg3: 8, arg4: 0, arg5: 272 }
2026-07-28T04:19:15.035421Z  INFO syscall.intercept{tid=3 syscall=rt_sigaction args=SyscallArgs { arg0: 34, arg1: 140737488334064, arg2: 0, arg3: 8, arg4: 0, arg5: 272 }}: detcore: DETLOG [syscall][detcore, dtid 3] finish syscall #17: rt_sigaction(34, 0x7fffffffacf0, NULL, 8) = Ok(0)
2026-07-28T04:19:15.035428Z TRACE syscall.intercept{tid=3 syscall=rt_sigaction args=SyscallArgs { arg0: 34, arg1: 140737488334064, arg2: 0, arg3: 8, arg4: 0, arg5: 272 }}: detcore: posthook [dtid 3] 199_092_085ns remaining before PMU maximum (19909208 rcbs).
2026-07-28T04:19:15.035433Z TRACE syscall.intercept{tid=3 syscall=rt_sigaction args=SyscallArgs { arg0: 34, arg1: 140737488334064, arg2: 0, arg3: 8, arg4: 0, arg5: 272 }}: detcore: posthook [dtid 3] Resetting timer to 19909208 RCBs in the future (current 57214)
2026-07-28T04:19:15.035443Z DEBUG syscall.intercept{tid=3 syscall=rt_sigaction args=SyscallArgs { arg0: 34, arg1: 140737488334064, arg2: 0, arg3: 8, arg4: 0, arg5: 272 }}: detcore: DETLOG (post) registers [dtid 3][rcbs 57214]. rax 0x0 rbx 0x7fffffffb008 rcx 0x404133 rdx 0x0 rsi 0x7fffffffacf0 rdi 0x22 rbp 0x1 rsp 0x7fffffffacf0 r8 0x0  r9 0x110 r10 0x8 r11 0x246 r12 0x7fffffffaff8 r13 0x1 r14 0x4b1b88 r15 0x1 rip 0x404133 eflags 0x246 cs 0x33 ss 0x2b ds 0x0 es 0x0 fs 0x0 gs 0x0
2026-07-28T04:19:15.035476Z TRACE syscall.intercept{tid=3 syscall=rt_sigaction args=SyscallArgs { arg0: 34, arg1: 140737488334064, arg2: 0, arg3: 8, arg4: 0, arg5: 272 }}: reverie_ptrace::syscall: completed guest syscall interception
2026-07-28T04:19:15.037313Z TRACE syscall.intercept{tid=3 syscall=gettid args=SyscallArgs { arg0: 4969344, arg1: 34, arg2: 0, arg3: 8, arg4: 0, arg5: 0 }}: reverie_ptrace::syscall: intercepting guest syscall
2026-07-28T04:19:15.037322Z TRACE syscall.intercept{tid=3 syscall=gettid args=SyscallArgs { arg0: 4969344, arg1: 34, arg2: 0, arg3: 8, arg4: 0, arg5: 0 }}: detcore: [dtid 3] updated rcb clock, new logical time: DetTime { syscalls: 17, syscall_nanos: Some(335250), rcbs: 57219, nondet_instrs: 21, extra_nanos: 0, starting_micros: 1767225600000000, multiplier: 1.0 }, i.e. 1_767_225_600.000_907_965s, timeslice end: 1_767_225_600.200_000_000s, local rcb clock_value 57219
2026-07-28T04:19:15.037333Z DEBUG syscall.intercept{tid=3 syscall=gettid args=SyscallArgs { arg0: 4969344, arg1: 34, arg2: 0, arg3: 8, arg4: 0, arg5: 0 }}: detcore: DETLOG (pre) registers [dtid 3][rcbs 57219]. rax 0xffffffffffffffda rbx 0x7fffffffb008 rcx 0x40d1d7 rdx 0x0 rsi 0x22 rdi 0x4bd380 rbp 0x22 rsp 0x7fffffffad70 r8 0x0  r9 0x0 r10 0x8 r11 0x246 r12 0x22 r13 0x1 r14 0x4b1b88 r15 0x1 rip 0x40d1d7 eflags 0x246 cs 0x33 ss 0x2b ds 0x0 es 0x0 fs 0x0 gs 0x0
2026-07-28T04:19:15.037342Z TRACE syscall.intercept{tid=3 syscall=gettid args=SyscallArgs { arg0: 4969344, arg1: 34, arg2: 0, arg3: 8, arg4: 0, arg5: 0 }}: detcore: prehook [dtid 3] Updating rcbs and checking time remaining.
2026-07-28T04:19:15.037349Z  INFO syscall.intercept{tid=3 syscall=gettid args=SyscallArgs { arg0: 4969344, arg1: 34, arg2: 0, arg3: 8, arg4: 0, arg5: 0 }}: detcore: DETLOG [syscall][detcore, dtid 3] inbound syscall: gettid() = ?
2026-07-28T04:19:15.037354Z TRACE syscall.intercept{tid=3 syscall=gettid args=SyscallArgs { arg0: 4969344, arg1: 34, arg2: 0, arg3: 8, arg4: 0, arg5: 0 }}: detcore_model::time: [detcore] added syscall cost of 250ns to logical time, yielding: DetTime { syscalls: 18, syscall_nanos: Some(335500), rcbs: 57219, nondet_instrs: 21, extra_nanos: 0, starting_micros: 1767225600000000, multiplier: 1.0 }
2026-07-28T04:19:15.037362Z DEBUG syscall.intercept{tid=3 syscall=gettid args=SyscallArgs { arg0: 4969344, arg1: 34, arg2: 0, arg3: 8, arg4: 0, arg5: 0 }}: reverie_ptrace::task: [tool] (tid 3) beginning inject of syscall: gettid, args SyscallArgs { arg0: 4969344, arg1: 34, arg2: 0, arg3: 8, arg4: 0, arg5: 0 }
2026-07-28T04:19:15.037392Z  INFO syscall.intercept{tid=3 syscall=gettid args=SyscallArgs { arg0: 4969344, arg1: 34, arg2: 0, arg3: 8, arg4: 0, arg5: 0 }}: detcore: DETLOG [syscall][detcore, dtid 3] finish syscall #18: gettid() = Ok(3)
2026-07-28T04:19:15.037397Z TRACE syscall.intercept{tid=3 syscall=gettid args=SyscallArgs { arg0: 4969344, arg1: 34, arg2: 0, arg3: 8, arg4: 0, arg5: 0 }}: detcore: posthook [dtid 3] 199_091_785ns remaining before PMU maximum (19909178 rcbs).
2026-07-28T04:19:15.037403Z TRACE syscall.intercept{tid=3 syscall=gettid args=SyscallArgs { arg0: 4969344, arg1: 34, arg2: 0, arg3: 8, arg4: 0, arg5: 0 }}: detcore: posthook [dtid 3] Resetting timer to 19909178 RCBs in the future (current 57219)
2026-07-28T04:19:15.037414Z DEBUG syscall.intercept{tid=3 syscall=gettid args=SyscallArgs { arg0: 4969344, arg1: 34, arg2: 0, arg3: 8, arg4: 0, arg5: 0 }}: detcore: DETLOG (post) registers [dtid 3][rcbs 57219]. rax 0x3 rbx 0x7fffffffb008 rcx 0x40d1d7 rdx 0x0 rsi 0x22 rdi 0x4bd380 rbp 0x22 rsp 0x7fffffffad70 r8 0x0  r9 0x0 r10 0x8 r11 0x246 r12 0x22 r13 0x1 r14 0x4b1b88 r15 0x1 rip 0x40d1d7 eflags 0x246 cs 0x33 ss 0x2b ds 0x0 es 0x0 fs 0x0 gs 0x0
2026-07-28T04:19:15.037443Z TRACE syscall.intercept{tid=3 syscall=gettid args=SyscallArgs { arg0: 4969344, arg1: 34, arg2: 0, arg3: 8, arg4: 0, arg5: 0 }}: reverie_ptrace::syscall: completed guest syscall interception
2026-07-28T04:19:15.037457Z TRACE syscall.intercept{tid=3 syscall=getpid args=SyscallArgs { arg0: 4969344, arg1: 34, arg2: 0, arg3: 8, arg4: 0, arg5: 0 }}: reverie_ptrace::syscall: intercepting guest syscall
2026-07-28T04:19:15.040958Z TRACE syscall.intercept{tid=3 syscall=getpid args=SyscallArgs { arg0: 4969344, arg1: 34, arg2: 0, arg3: 8, arg4: 0, arg5: 0 }}: detcore: [dtid 3] updated rcb clock, new logical time: DetTime { syscalls: 18, syscall_nanos: Some(335500), rcbs: 57219, nondet_instrs: 21, extra_nanos: 0, starting_micros: 1767225600000000, multiplier: 1.0 }, i.e. 1_767_225_600.000_908_215s, timeslice end: 1_767_225_600.200_000_000s, local rcb clock_value 57219
2026-07-28T04:19:15.040974Z DEBUG syscall.intercept{tid=3 syscall=getpid args=SyscallArgs { arg0: 4969344, arg1: 34, arg2: 0, arg3: 8, arg4: 0, arg5: 0 }}: detcore: DETLOG (pre) registers [dtid 3][rcbs 57219]. rax 0xffffffffffffffda rbx 0x7fffffffb008 rcx 0x42492b rdx 0x0 rsi 0x22 rdi 0x4bd380 rbp 0x3 rsp 0x7fffffffad68 r8 0x0  r9 0x0 r10 0x8 r11 0x246 r12 0x22 r13 0x1 r14 0x4b1b88 r15 0x1 rip 0x42492b eflags 0x246 cs 0x33 ss 0x2b ds 0x0 es 0x0 fs 0x0 gs 0x0
2026-07-28T04:19:15.040981Z TRACE syscall.intercept{tid=3 syscall=getpid args=SyscallArgs { arg0: 4969344, arg1: 34, arg2: 0, arg3: 8, arg4: 0, arg5: 0 }}: detcore: prehook [dtid 3] Updating rcbs and checking time remaining.
2026-07-28T04:19:15.040986Z  INFO syscall.intercept{tid=3 syscall=getpid args=SyscallArgs { arg0: 4969344, arg1: 34, arg2: 0, arg3: 8, arg4: 0, arg5: 0 }}: detcore: DETLOG [syscall][detcore, dtid 3] inbound syscall: getpid() = ?
2026-07-28T04:19:15.040992Z TRACE syscall.intercept{tid=3 syscall=getpid args=SyscallArgs { arg0: 4969344, arg1: 34, arg2: 0, arg3: 8, arg4: 0, arg5: 0 }}: detcore_model::time: [detcore] added syscall cost of 250ns to logical time, yielding: DetTime { syscalls: 19, syscall_nanos: Some(335750), rcbs: 57219, nondet_instrs: 21, extra_nanos: 0, starting_micros: 1767225600000000, multiplier: 1.0 }
2026-07-28T04:19:15.041001Z DEBUG syscall.intercept{tid=3 syscall=getpid args=SyscallArgs { arg0: 4969344, arg1: 34, arg2: 0, arg3: 8, arg4: 0, arg5: 0 }}: reverie_ptrace::task: [tool] (tid 3) beginning inject of syscall: getpid, args SyscallArgs { arg0: 4969344, arg1: 34, arg2: 0, arg3: 8, arg4: 0, arg5: 0 }
2026-07-28T04:19:15.041039Z  INFO syscall.intercept{tid=3 syscall=getpid args=SyscallArgs { arg0: 4969344, arg1: 34, arg2: 0, arg3: 8, arg4: 0, arg5: 0 }}: detcore: DETLOG [syscall][detcore, dtid 3] finish syscall #19: getpid() = Ok(3)
2026-07-28T04:19:15.041045Z TRACE syscall.intercept{tid=3 syscall=getpid args=SyscallArgs { arg0: 4969344, arg1: 34, arg2: 0, arg3: 8, arg4: 0, arg5: 0 }}: detcore: posthook [dtid 3] 199_091_535ns remaining before PMU maximum (19909153 rcbs).
2026-07-28T04:19:15.041049Z TRACE syscall.intercept{tid=3 syscall=getpid args=SyscallArgs { arg0: 4969344, arg1: 34, arg2: 0, arg3: 8, arg4: 0, arg5: 0 }}: detcore: posthook [dtid 3] Resetting timer to 19909153 RCBs in the future (current 57219)
2026-07-28T04:19:15.041057Z DEBUG syscall.intercept{tid=3 syscall=getpid args=SyscallArgs { arg0: 4969344, arg1: 34, arg2: 0, arg3: 8, arg4: 0, arg5: 0 }}: detcore: DETLOG (post) registers [dtid 3][rcbs 57219]. rax 0x3 rbx 0x7fffffffb008 rcx 0x42492b rdx 0x0 rsi 0x22 rdi 0x4bd380 rbp 0x3 rsp 0x7fffffffad68 r8 0x0  r9 0x0 r10 0x8 r11 0x246 r12 0x22 r13 0x1 r14 0x4b1b88 r15 0x1 rip 0x42492b eflags 0x246 cs 0x33 ss 0x2b ds 0x0 es 0x0 fs 0x0 gs 0x0
2026-07-28T04:19:15.041091Z TRACE syscall.intercept{tid=3 syscall=getpid args=SyscallArgs { arg0: 4969344, arg1: 34, arg2: 0, arg3: 8, arg4: 0, arg5: 0 }}: reverie_ptrace::syscall: completed guest syscall interception
2026-07-28T04:19:15.041102Z TRACE syscall.intercept{tid=3 syscall=tgkill args=SyscallArgs { arg0: 3, arg1: 3, arg2: 34, arg3: 8, arg4: 0, arg5: 0 }}: reverie_ptrace::syscall: intercepting guest syscall
2026-07-28T04:19:15.041109Z TRACE syscall.intercept{tid=3 syscall=tgkill args=SyscallArgs { arg0: 3, arg1: 3, arg2: 34, arg3: 8, arg4: 0, arg5: 0 }}: detcore: [dtid 3] updated rcb clock, new logical time: DetTime { syscalls: 19, syscall_nanos: Some(335750), rcbs: 57219, nondet_instrs: 21, extra_nanos: 0, starting_micros: 1767225600000000, multiplier: 1.0 }, i.e. 1_767_225_600.000_908_465s, timeslice end: 1_767_225_600.200_000_000s, local rcb clock_value 57219
2026-07-28T04:19:15.041123Z DEBUG syscall.intercept{tid=3 syscall=tgkill args=SyscallArgs { arg0: 3, arg1: 3, arg2: 34, arg3: 8, arg4: 0, arg5: 0 }}: detcore: DETLOG (pre) registers [dtid 3][rcbs 57219]. rax 0xffffffffffffffda rbx 0x7fffffffb008 rcx 0x40d1ec rdx 0x22 rsi 0x3 rdi 0x3 rbp 0x3 rsp 0x7fffffffad70 r8 0x0  r9 0x0 r10 0x8 r11 0x246 r12 0x22 r13 0x1 r14 0x4b1b88 r15 0x1 rip 0x40d1ec eflags 0x246 cs 0x33 ss 0x2b ds 0x0 es 0x0 fs 0x0 gs 0x0
2026-07-28T04:19:15.042971Z TRACE syscall.intercept{tid=3 syscall=tgkill args=SyscallArgs { arg0: 3, arg1: 3, arg2: 34, arg3: 8, arg4: 0, arg5: 0 }}: detcore: prehook [dtid 3] Updating rcbs and checking time remaining.
2026-07-28T04:19:15.042986Z  INFO syscall.intercept{tid=3 syscall=tgkill args=SyscallArgs { arg0: 3, arg1: 3, arg2: 34, arg3: 8, arg4: 0, arg5: 0 }}: detcore: DETLOG [syscall][detcore, dtid 3] inbound syscall: tgkill(3, 3, 34) = ?
2026-07-28T04:19:15.043001Z TRACE syscall.intercept{tid=3 syscall=tgkill args=SyscallArgs { arg0: 3, arg1: 3, arg2: 34, arg3: 8, arg4: 0, arg5: 0 }}: detcore_model::time: [detcore] added syscall cost of 250ns to logical time, yielding: DetTime { syscalls: 20, syscall_nanos: Some(336000), rcbs: 57219, nondet_instrs: 21, extra_nanos: 0, starting_micros: 1767225600000000, multiplier: 1.0 }
2026-07-28T04:19:15.043016Z DEBUG syscall.intercept{tid=3 syscall=tgkill args=SyscallArgs { arg0: 3, arg1: 3, arg2: 34, arg3: 8, arg4: 0, arg5: 0 }}: reverie_ptrace::task: [tool] (tid 3) beginning inject of syscall: tgkill, args SyscallArgs { arg0: 3, arg1: 3, arg2: 34, arg3: 8, arg4: 0, arg5: 0 }
2026-07-28T04:19:15.043067Z  INFO syscall.intercept{tid=3 syscall=tgkill args=SyscallArgs { arg0: 3, arg1: 3, arg2: 34, arg3: 8, arg4: 0, arg5: 0 }}: detcore: DETLOG [syscall][detcore, dtid 3] finish syscall #20: tgkill(3, 3, 34) = Ok(0)
2026-07-28T04:19:15.043074Z TRACE syscall.intercept{tid=3 syscall=tgkill args=SyscallArgs { arg0: 3, arg1: 3, arg2: 34, arg3: 8, arg4: 0, arg5: 0 }}: detcore: posthook [dtid 3] 199_091_285ns remaining before PMU maximum (19909128 rcbs).
2026-07-28T04:19:15.043081Z TRACE syscall.intercept{tid=3 syscall=tgkill args=SyscallArgs { arg0: 3, arg1: 3, arg2: 34, arg3: 8, arg4: 0, arg5: 0 }}: detcore: posthook [dtid 3] Resetting timer to 19909128 RCBs in the future (current 57219)
2026-07-28T04:19:15.043094Z DEBUG syscall.intercept{tid=3 syscall=tgkill args=SyscallArgs { arg0: 3, arg1: 3, arg2: 34, arg3: 8, arg4: 0, arg5: 0 }}: detcore: DETLOG (post) registers [dtid 3][rcbs 57219]. rax 0x0 rbx 0x7fffffffb008 rcx 0x40d1ec rdx 0x22 rsi 0x3 rdi 0x3 rbp 0x3 rsp 0x7fffffffad70 r8 0x0  r9 0x0 r10 0x8 r11 0x246 r12 0x22 r13 0x1 r14 0x4b1b88 r15 0x1 rip 0x40d1ec eflags 0x246 cs 0x33 ss 0x2b ds 0x0 es 0x0 fs 0x0 gs 0x0
2026-07-28T04:19:15.043211Z  INFO detcore::tool_global: detcore shut down, destroying global state
Error: wait after seccomp resume failed for tracee 3: -22 EINVAL (Invalid argument)
